<html>
<body>
<pre>
<h1>礦ision Build Log</h1>
<h2>Tool Versions:</h2>
IDE-Version: μVision V5.14.0.0
Copyright (C) 2015 ARM Ltd and ARM Germany GmbH. All rights reserved.
License Information: 123 123, 123, LIC=ATTQD-8NCE3-UH68H-WVQJE-XFR8T-QJI3U
 
Tool Versions:
Toolchain:       MDK-ARM Standard  Version: 5.14.0.0
Toolchain Path:  D:\Keil\ARM\ARMCC\Bin
C Compiler:      Armcc.exe V5.05 update 1 (build 106)
Assembler:       Armasm.exe V5.05 update 1 (build 106)
Linker/Locator:  ArmLink.exe V5.05 update 1 (build 106)
Library Manager: ArmAr.exe V5.05 update 1 (build 106)
Hex Converter:   FromElf.exe V5.05 update 1 (build 106)
CPU DLL:         SARMCM3.DLL V5.14.0.0
Dialog DLL:      DARMSTM.DLL V1.65.0.0
Target DLL:      STLink\ST-LINKIII-KEIL_SWO.dll V2.0.14.0_KEIL
Dialog DLL:      TARMSTM.DLL V1.64.0.0
 
<h2>Project:</h2>
C:\Users\ZZUsoft\Desktop\嵌入式\14，ATK-AS608指纹识别模块\1，程序源码\（库函数版本，适合战舰V3和精英STM32开发板）扩展实验14 ATK-AS608指纹识别模块测试实验\USER\AS608.uvprojx
Project File Date:  06/22/2016

<h2>Output:</h2>
Build target 'AS608'
compiling main.c...
linking...
Program Size: Code=89610 RO-data=9342 RW-data=784 ZI-data=1101720  
FromELF: creating hex file...
"..\OBJ\AS608.axf" - 0 Error(s), 0 Warning(s).

<h2>Collection of Component include folders:</h2>
  C:\Users\ZZUsoft\Desktop\嵌入式\14，ATK-AS608指纹识别模块\1，程序源码\（库函数版本，适合战舰V3和精英STM32开发板）扩展实验14 ATK-AS608指纹识别模块测试实验\USER\RTE
  D:\Keil\ARM\PACK\Keil\STM32F1xx_DFP\1.0.5\Device\Include

<h2>Collection of Component Files used:</h2>
</pre>
</body>
</html>
