Component: ARM Compiler 5.05 update 1 (build 106) Tool: armlink [4d0efa]

==============================================================================

Section Cross References

    main.o(.text) refers to _printf_percent.o(.ARM.Collect$$_printf_percent$$00000000) for _printf_percent
    main.o(.text) refers to _printf_d.o(.ARM.Collect$$_printf_percent$$00000009) for _printf_d
    main.o(.text) refers to _printf_dec.o(.text) for _printf_int_dec
    main.o(.text) refers to _printf_x.o(.ARM.Collect$$_printf_percent$$0000000C) for _printf_x
    main.o(.text) refers to _printf_hex_int_ll_ptr.o(.text) for _printf_longlong_hex
    main.o(.text) refers to lcd.o(.text) for LCD_Fill
    main.o(.text) refers to as608.o(.text) for EnsureMessage
    main.o(.text) refers to text.o(.text) for Show_Str_Mid
    main.o(.text) refers to malloc.o(.text) for mymalloc
    main.o(.text) refers to __2sprintf.o(.text) for __2sprintf
    main.o(.text) refers to stm32f10x_tim.o(.text) for TIM_SetCompare2
    main.o(.text) refers to delay.o(.text) for delay_ms
    main.o(.text) refers to lcd.o(.bss) for lcddev
    main.o(.text) refers to main.o(.bss) for AS608Para
    main.o(.text) refers to main.o(.data) for checknum
    main.o(.text) refers to touch.o(.data) for tp_dev
    main.o(.text) refers to lcd.o(.data) for POINT_COLOR
    main.o(.text) refers to misc.o(.text) for NVIC_PriorityGroupConfig
    main.o(.text) refers to usart.o(.text) for uart_init
    main.o(.text) refers to usart2.o(.text) for usart2_init
    main.o(.text) refers to beep.o(.text) for BEEP_Init
    main.o(.text) refers to key.o(.text) for KEY_Init
    main.o(.text) refers to w25qxx.o(.text) for W25QXX_Init
    main.o(.text) refers to exfuns.o(.text) for exfuns_init
    main.o(.text) refers to ff.o(.text) for f_mount
    main.o(.text) refers to time.o(.text) for TIM5_100msConfig
    main.o(.text) refers to led.o(.text) for LED_Init
    main.o(.text) refers to esp8266.o(.text) for Esp_Init
    main.o(.text) refers to fontupd.o(.text) for font_init
    main.o(.text) refers to touch.o(.text) for TP_Adjust
    main.o(.text) refers to uart.o(.text) for Esp_SendChar
    main.o(.text) refers to stm32f10x_gpio.o(.text) for GPIO_SetBits
    main.o(.text) refers to usmart_config.o(.data) for usmart_dev
    main.o(.text) refers to exfuns.o(.data) for fs
    main.o(.text) refers to as608.o(.data) for AS608Addr
    main.o(.text) refers to esp8266.o(.data) for heartnumber
    main.o(.data) refers to main.o(.conststring) for .conststring
    stm32f10x_it.o(.text) refers to stm32f10x_tim.o(.text) for TIM_GetITStatus
    stm32f10x_it.o(.text) refers to stm32f10x_usart.o(.text) for USART_GetITStatus
    stm32f10x_it.o(.text) refers to stm32f10x_dma.o(.text) for DMA_GetCurrDataCounter
    stm32f10x_it.o(.text) refers to esp8266.o(.text) for Get_ESP82666_Cmd
    stm32f10x_it.o(.text) refers to dma.o(.text) for MYDMA_Enable
    stm32f10x_it.o(.text) refers to esp8266.o(.data) for heartnumber
    stm32f10x_it.o(.text) refers to esp8266.o(.bss) for Esp
    system_stm32f10x.o(.text) refers to system_stm32f10x.o(.data) for SystemCoreClock
    key.o(.text) refers to stm32f10x_rcc.o(.text) for RCC_APB2PeriphClockCmd
    key.o(.text) refers to stm32f10x_gpio.o(.text) for GPIO_Init
    key.o(.text) refers to delay.o(.text) for delay_ms
    key.o(.text) refers to key.o(.data) for key_up
    lcd.o(.text) refers to _printf_percent.o(.ARM.Collect$$_printf_percent$$00000000) for _printf_percent
    lcd.o(.text) refers to _printf_x.o(.ARM.Collect$$_printf_percent$$0000000C) for _printf_x
    lcd.o(.text) refers to _printf_hex_int_ll_ptr.o(.text) for _printf_longlong_hex
    lcd.o(.text) refers to delay.o(.text) for delay_us
    lcd.o(.text) refers to lcd.o(.bss) for lcddev
    lcd.o(.text) refers to lcd.o(.data) for POINT_COLOR
    lcd.o(.text) refers to dflt_clz.o(x$fpl$dfltu) for __aeabi_ui2d
    lcd.o(.text) refers to dmul.o(x$fpl$dmul) for __aeabi_dmul
    lcd.o(.text) refers to dfixu.o(x$fpl$dfixu) for __aeabi_d2uiz
    lcd.o(.text) refers to stm32f10x_rcc.o(.text) for RCC_AHBPeriphClockCmd
    lcd.o(.text) refers to stm32f10x_gpio.o(.text) for GPIO_Init
    lcd.o(.text) refers to stm32f10x_fsmc.o(.text) for FSMC_NORSRAMInit
    lcd.o(.text) refers to __2printf.o(.text) for __2printf
    lcd.o(.text) refers to lcd.o(.constdata) for asc2_1206
    spi.o(.text) refers to stm32f10x_spi.o(.text) for SPI_I2S_GetFlagStatus
    spi.o(.text) refers to stm32f10x_rcc.o(.text) for RCC_APB2PeriphClockCmd
    spi.o(.text) refers to stm32f10x_gpio.o(.text) for GPIO_Init
    w25qxx.o(.text) refers to _printf_percent.o(.ARM.Collect$$_printf_percent$$00000000) for _printf_percent
    w25qxx.o(.text) refers to _printf_x.o(.ARM.Collect$$_printf_percent$$0000000C) for _printf_x
    w25qxx.o(.text) refers to _printf_hex_int_ll_ptr.o(.text) for _printf_longlong_hex
    w25qxx.o(.text) refers to spi.o(.text) for SPI2_ReadWriteByte
    w25qxx.o(.text) refers to stm32f10x_rcc.o(.text) for RCC_APB2PeriphClockCmd
[...]
    GPIO_DeInit                              0x0800c299   Thumb Code   172  stm32f10x_gpio.o(.text)
    GPIO_AFIODeInit                          0x0800c345   Thumb Code    20  stm32f10x_gpio.o(.text)
    GPIO_Init                                0x0800c359   Thumb Code   278  stm32f10x_gpio.o(.text)
    GPIO_StructInit                          0x0800c46f   Thumb Code    16  stm32f10x_gpio.o(.text)
    GPIO_ReadInputDataBit                    0x0800c47f   Thumb Code    18  stm32f10x_gpio.o(.text)
    GPIO_ReadInputData                       0x0800c491   Thumb Code     8  stm32f10x_gpio.o(.text)
    GPIO_ReadOutputDataBit                   0x0800c499   Thumb Code    18  stm32f10x_gpio.o(.text)
    GPIO_ReadOutputData                      0x0800c4ab   Thumb Code     8  stm32f10x_gpio.o(.text)
    GPIO_SetBits                             0x0800c4b3   Thumb Code     4  stm32f10x_gpio.o(.text)
    GPIO_ResetBits                           0x0800c4b7   Thumb Code     4  stm32f10x_gpio.o(.text)
    GPIO_WriteBit                            0x0800c4bb   Thumb Code    10  stm32f10x_gpio.o(.text)
    GPIO_Write                               0x0800c4c5   Thumb Code     4  stm32f10x_gpio.o(.text)
    GPIO_PinLockConfig                       0x0800c4c9   Thumb Code    18  stm32f10x_gpio.o(.text)
    GPIO_EventOutputConfig                   0x0800c4db   Thumb Code    26  stm32f10x_gpio.o(.text)
    GPIO_EventOutputCmd                      0x0800c4f5   Thumb Code     6  stm32f10x_gpio.o(.text)
    GPIO_PinRemapConfig                      0x0800c4fb   Thumb Code   138  stm32f10x_gpio.o(.text)
    GPIO_EXTILineConfig                      0x0800c585   Thumb Code    66  stm32f10x_gpio.o(.text)
    GPIO_ETH_MediaInterfaceConfig            0x0800c5c7   Thumb Code     8  stm32f10x_gpio.o(.text)
    RCC_DeInit                               0x0800c5f5   Thumb Code    64  stm32f10x_rcc.o(.text)
    RCC_HSEConfig                            0x0800c635   Thumb Code    70  stm32f10x_rcc.o(.text)
    RCC_GetFlagStatus                        0x0800c67b   Thumb Code    56  stm32f10x_rcc.o(.text)
    RCC_WaitForHSEStartUp                    0x0800c6b3   Thumb Code    56  stm32f10x_rcc.o(.text)
    RCC_AdjustHSICalibrationValue            0x0800c6eb   Thumb Code    20  stm32f10x_rcc.o(.text)
    RCC_HSICmd                               0x0800c6ff   Thumb Code     6  stm32f10x_rcc.o(.text)
    RCC_PLLConfig                            0x0800c705   Thumb Code    24  stm32f10x_rcc.o(.text)
    RCC_PLLCmd                               0x0800c71d   Thumb Code     6  stm32f10x_rcc.o(.text)
    RCC_SYSCLKConfig                         0x0800c723   Thumb Code    18  stm32f10x_rcc.o(.text)
    RCC_GetSYSCLKSource                      0x0800c735   Thumb Code    10  stm32f10x_rcc.o(.text)
    RCC_HCLKConfig                           0x0800c73f   Thumb Code    18  stm32f10x_rcc.o(.text)
    RCC_PCLK1Config                          0x0800c751   Thumb Code    18  stm32f10x_rcc.o(.text)
    RCC_PCLK2Config                          0x0800c763   Thumb Code    20  stm32f10x_rcc.o(.text)
    RCC_ITConfig                             0x0800c777   Thumb Code    26  stm32f10x_rcc.o(.text)
    RCC_USBCLKConfig                         0x0800c791   Thumb Code     8  stm32f10x_rcc.o(.text)
    RCC_ADCCLKConfig                         0x0800c799   Thumb Code    18  stm32f10x_rcc.o(.text)
    RCC_LSEConfig                            0x0800c7ab   Thumb Code    50  stm32f10x_rcc.o(.text)
    RCC_LSICmd                               0x0800c7dd   Thumb Code     6  stm32f10x_rcc.o(.text)
    RCC_RTCCLKConfig                         0x0800c7e3   Thumb Code    12  stm32f10x_rcc.o(.text)
    RCC_RTCCLKCmd                            0x0800c7ef   Thumb Code     8  stm32f10x_rcc.o(.text)
    RCC_GetClocksFreq                        0x0800c7f7   Thumb Code   192  stm32f10x_rcc.o(.text)
    RCC_AHBPeriphClockCmd                    0x0800c8b7   Thumb Code    26  stm32f10x_rcc.o(.text)
    RCC_APB2PeriphClockCmd                   0x0800c8d1   Thumb Code    26  stm32f10x_rcc.o(.text)
    RCC_APB1PeriphClockCmd                   0x0800c8eb   Thumb Code    26  stm32f10x_rcc.o(.text)
    RCC_APB2PeriphResetCmd                   0x0800c905   Thumb Code    26  stm32f10x_rcc.o(.text)
    RCC_APB1PeriphResetCmd                   0x0800c91f   Thumb Code    26  stm32f10x_rcc.o(.text)
    RCC_BackupResetCmd                       0x0800c939   Thumb Code     8  stm32f10x_rcc.o(.text)
    RCC_ClockSecuritySystemCmd               0x0800c941   Thumb Code     6  stm32f10x_rcc.o(.text)
    RCC_MCOConfig                            0x0800c947   Thumb Code     6  stm32f10x_rcc.o(.text)
    RCC_ClearFlag                            0x0800c94d   Thumb Code    14  stm32f10x_rcc.o(.text)
    RCC_GetITStatus                          0x0800c95b   Thumb Code    20  stm32f10x_rcc.o(.text)
    RCC_ClearITPendingBit                    0x0800c96f   Thumb Code     6  stm32f10x_rcc.o(.text)
    SPI_I2S_DeInit                           0x0800c999   Thumb Code    76  stm32f10x_spi.o(.text)
    SPI_Init                                 0x0800c9e5   Thumb Code    60  stm32f10x_spi.o(.text)
    I2S_Init                                 0x0800ca21   Thumb Code   226  stm32f10x_spi.o(.text)
    SPI_StructInit                           0x0800cb03   Thumb Code    24  stm32f10x_spi.o(.text)
    I2S_StructInit                           0x0800cb1b   Thumb Code    20  stm32f10x_spi.o(.text)
    SPI_Cmd                                  0x0800cb2f   Thumb Code    24  stm32f10x_spi.o(.text)
    I2S_Cmd                                  0x0800cb47   Thumb Code    24  stm32f10x_spi.o(.text)
    SPI_I2S_ITConfig                         0x0800cb5f   Thumb Code    32  stm32f10x_spi.o(.text)
    SPI_I2S_DMACmd                           0x0800cb7f   Thumb Code    18  stm32f10x_spi.o(.text)
    SPI_I2S_SendData                         0x0800cb91   Thumb Code     4  stm32f10x_spi.o(.text)
    SPI_I2S_ReceiveData                      0x0800cb95   Thumb Code     6  stm32f10x_spi.o(.text)
    SPI_NSSInternalSoftwareConfig            0x0800cb9b   Thumb Code    30  stm32f10x_spi.o(.text)
    SPI_SSOutputCmd                          0x0800cbb9   Thumb Code    24  stm32f10x_spi.o(.text)
    SPI_DataSizeConfig                       0x0800cbd1   Thumb Code    18  stm32f10x_spi.o(.text)
    SPI_TransmitCRC                          0x0800cbe3   Thumb Code    10  stm32f10x_spi.o(.text)
    SPI_CalculateCRC                         0x0800cbed   Thumb Code    24  stm32f10x_spi.o(.text)
    SPI_GetCRC                               0x0800cc05   Thumb Code    16  stm32f10x_spi.o(.text)
    SPI_GetCRCPolynomial                     0x0800cc15   Thumb Code     6  stm32f10x_spi.o(.text)
    SPI_BiDirectionalLineConfig              0x0800cc1b   Thumb Code    28  stm32f10x_spi.o(.text)
    SPI_I2S_GetFlagStatus                    0x0800cc37   Thumb Code    18  stm32f10x_spi.o(.text)
    SPI_I2S_ClearFlag                        0x0800cc49   Thumb Code     6  stm32f10x_spi.o(.text)
    SPI_I2S_GetITStatus                      0x0800cc4f   Thumb Code    52  stm32f10x_spi.o(.text)
    SPI_I2S_ClearITPendingBit                0x0800cc83   Thumb Code    20  stm32f10x_spi.o(.text)
    USART_DeInit                             0x0800cca5   Thumb Code   134  stm32f10x_usart.o(.text)
    USART_Init                               0x0800cd2b   Thumb Code   210  stm32f10x_usart.o(.text)
    USART_StructInit                         0x0800cdfd   Thumb Code    24  stm32f10x_usart.o(.text)
    USART_ClockInit                          0x0800ce15   Thumb Code    34  stm32f10x_usart.o(.text)
    USART_ClockStructInit                    0x0800ce37   Thumb Code    12  stm32f10x_usart.o(.text)
    USART_Cmd                                0x0800ce43   Thumb Code    24  stm32f10x_usart.o(.text)
    USART_ITConfig                           0x0800ce5b   Thumb Code    74  stm32f10x_usart.o(.text)
    USART_DMACmd                             0x0800cea5   Thumb Code    18  stm32f10x_usart.o(.text)
    USART_SetAddress                         0x0800ceb7   Thumb Code    18  stm32f10x_usart.o(.text)
    USART_WakeUpConfig                       0x0800cec9   Thumb Code    18  stm32f10x_usart.o(.text)
    USART_ReceiverWakeUpCmd                  0x0800cedb   Thumb Code    24  stm32f10x_usart.o(.text)
    USART_LINBreakDetectLengthConfig         0x0800cef3   Thumb Code    18  stm32f10x_usart.o(.text)
    USART_LINCmd                             0x0800cf05   Thumb Code    24  stm32f10x_usart.o(.text)
    USART_SendData                           0x0800cf1d   Thumb Code     8  stm32f10x_usart.o(.text)
    USART_ReceiveData                        0x0800cf25   Thumb Code    10  stm32f10x_usart.o(.text)
    USART_SendBreak                          0x0800cf2f   Thumb Code    10  stm32f10x_usart.o(.text)
    USART_SetGuardTime                       0x0800cf39   Thumb Code    16  stm32f10x_usart.o(.text)
    USART_SetPrescaler                       0x0800cf49   Thumb Code    16  stm32f10x_usart.o(.text)
    USART_SmartCardCmd                       0x0800cf59   Thumb Code    24  stm32f10x_usart.o(.text)
    USART_SmartCardNACKCmd                   0x0800cf71   Thumb Code    24  stm32f10x_usart.o(.text)
    USART_HalfDuplexCmd                      0x0800cf89   Thumb Code    24  stm32f10x_usart.o(.text)
    USART_OverSampling8Cmd                   0x0800cfa1   Thumb Code    22  stm32f10x_usart.o(.text)
    USART_OneBitMethodCmd                    0x0800cfb7   Thumb Code    24  stm32f10x_usart.o(.text)
    USART_IrDAConfig                         0x0800cfcf   Thumb Code    18  stm32f10x_usart.o(.text)
    USART_IrDACmd                            0x0800cfe1   Thumb Code    24  stm32f10x_usart.o(.text)
    USART_GetFlagStatus                      0x0800cff9   Thumb Code    26  stm32f10x_usart.o(.text)
    USART_ClearFlag                          0x0800d013   Thumb Code    18  stm32f10x_usart.o(.text)
    USART_GetITStatus                        0x0800d025   Thumb Code    84  stm32f10x_usart.o(.text)
    USART_ClearITPendingBit                  0x0800d079   Thumb Code    52  stm32f10x_usart.o(.text)
    TIM_DeInit                               0x0800d0ad   Thumb Code   424  stm32f10x_tim.o(.text)
    TIM_TimeBaseInit                         0x0800d255   Thumb Code   122  stm32f10x_tim.o(.text)
    TIM_OC1Init                              0x0800d2cf   Thumb Code   132  stm32f10x_tim.o(.text)
    TIM_OC2Init                              0x0800d353   Thumb Code   154  stm32f10x_tim.o(.text)
    TIM_OC3Init                              0x0800d3ed   Thumb Code   150  stm32f10x_tim.o(.text)
    TIM_OC4Init                              0x0800d483   Thumb Code   182  stm32f10x_tim.o(.text)
    TIM_SetIC4Prescaler                      0x0800d539   Thumb Code    26  stm32f10x_tim.o(.text)
    TIM_SetIC3Prescaler                      0x0800d5d5   Thumb Code    18  stm32f10x_tim.o(.text)
    TIM_SetIC2Prescaler                      0x0800d661   Thumb Code    26  stm32f10x_tim.o(.text)
    TIM_SetIC1Prescaler                      0x0800d6fd   Thumb Code    18  stm32f10x_tim.o(.text)
    TIM_ICInit                               0x0800d77b   Thumb Code   150  stm32f10x_tim.o(.text)
    TIM_PWMIConfig                           0x0800d811   Thumb Code   124  stm32f10x_tim.o(.text)
    TIM_BDTRConfig                           0x0800d88d   Thumb Code    32  stm32f10x_tim.o(.text)
    TIM_TimeBaseStructInit                   0x0800d8ad   Thumb Code    18  stm32f10x_tim.o(.text)
    TIM_OCStructInit                         0x0800d8bf   Thumb Code    20  stm32f10x_tim.o(.text)
    TIM_ICStructInit                         0x0800d8d3   Thumb Code    18  stm32f10x_tim.o(.text)
    TIM_BDTRStructInit                       0x0800d8e5   Thumb Code    40  stm32f10x_tim.o(.text)
    TIM_Cmd                                  0x0800d90d   Thumb Code    24  stm32f10x_tim.o(.text)
    TIM_CtrlPWMOutputs                       0x0800d925   Thumb Code    30  stm32f10x_tim.o(.text)
    TIM_ITConfig                             0x0800d943   Thumb Code    18  stm32f10x_tim.o(.text)
    TIM_GenerateEvent                        0x0800d955   Thumb Code     4  stm32f10x_tim.o(.text)
    TIM_DMAConfig                            0x0800d959   Thumb Code    10  stm32f10x_tim.o(.text)
    TIM_DMACmd                               0x0800d963   Thumb Code    18  stm32f10x_tim.o(.text)
    TIM_InternalClockConfig                  0x0800d975   Thumb Code    12  stm32f10x_tim.o(.text)
    TIM_SelectInputTrigger                   0x0800d981   Thumb Code    18  stm32f10x_tim.o(.text)
    TIM_ITRxExternalClockConfig              0x0800d993   Thumb Code    24  stm32f10x_tim.o(.text)
    TIM_TIxExternalClockConfig               0x0800d9ab   Thumb Code    62  stm32f10x_tim.o(.text)
    TIM_ETRConfig                            0x0800d9e9   Thumb Code    28  stm32f10x_tim.o(.text)
    TIM_ETRClockMode1Config                  0x0800da05   Thumb Code    54  stm32f10x_tim.o(.text)
    TIM_ETRClockMode2Config                  0x0800da3b   Thumb Code    32  stm32f10x_tim.o(.text)
    TIM_PrescalerConfig                      0x0800da5b   Thumb Code     6  stm32f10x_tim.o(.text)
    TIM_CounterModeConfig                    0x0800da61   Thumb Code    18  stm32f10x_tim.o(.text)
    TIM_EncoderInterfaceConfig               0x0800da73   Thumb Code    66  stm32f10x_tim.o(.text)
    TIM_ForcedOC1Config                      0x0800dab5   Thumb Code    18  stm32f10x_tim.o(.text)
    TIM_ForcedOC2Config                      0x0800dac7   Thumb Code    26  stm32f10x_tim.o(.text)
    TIM_ForcedOC3Config                      0x0800dae1   Thumb Code    18  stm32f10x_tim.o(.text)
    TIM_ForcedOC4Config                      0x0800daf3   Thumb Code    26  stm32f10x_tim.o(.text)
    TIM_ARRPreloadConfig                     0x0800db0d   Thumb Code    24  stm32f10x_tim.o(.text)
    TIM_SelectCOM                            0x0800db25   Thumb Code    24  stm32f10x_tim.o(.text)
    TIM_SelectCCDMA                          0x0800db3d   Thumb Code    24  stm32f10x_tim.o(.text)
    TIM_CCPreloadControl                     0x0800db55   Thumb Code    24  stm32f10x_tim.o(.text)
    TIM_OC1PreloadConfig                     0x0800db6d   Thumb Code    18  stm32f10x_tim.o(.text)
    TIM_OC2PreloadConfig                     0x0800db7f   Thumb Code    26  stm32f10x_tim.o(.text)
    TIM_OC3PreloadConfig                     0x0800db99   Thumb Code    18  stm32f10x_tim.o(.text)
    TIM_OC4PreloadConfig                     0x0800dbab   Thumb Code    26  stm32f10x_tim.o(.text)
    TIM_OC1FastConfig                        0x0800dbc5   Thumb Code    18  stm32f10x_tim.o(.text)
    TIM_OC2FastConfig                        0x0800dbd7   Thumb Code    26  stm32f10x_tim.o(.text)
    TIM_OC3FastConfig                        0x0800dbf1   Thumb Code    18  stm32f10x_tim.o(.text)
    TIM_OC4FastConfig                        0x0800dc03   Thumb Code    26  stm32f10x_tim.o(.text)
    TIM_ClearOC1Ref                          0x0800dc1d   Thumb Code    18  stm32f10x_tim.o(.text)
    TIM_ClearOC2Ref                          0x0800dc2f   Thumb Code    24  stm32f10x_tim.o(.text)
    TIM_ClearOC3Ref                          0x0800dc47   Thumb Code    18  stm32f10x_tim.o(.text)
    TIM_ClearOC4Ref                          0x0800dc59   Thumb Code    24  stm32f10x_tim.o(.text)
    TIM_OC1PolarityConfig                    0x0800dc71   Thumb Code    18  stm32f10x_tim.o(.text)
    TIM_OC1NPolarityConfig                   0x0800dc83   Thumb Code    18  stm32f10x_tim.o(.text)
    TIM_OC2PolarityConfig                    0x0800dc95   Thumb Code    26  stm32f10x_tim.o(.text)
    TIM_OC2NPolarityConfig                   0x0800dcaf   Thumb Code    26  stm32f10x_tim.o(.text)
    TIM_OC3PolarityConfig                    0x0800dcc9   Thumb Code    26  stm32f10x_tim.o(.text)
    TIM_OC3NPolarityConfig                   0x0800dce3   Thumb Code    26  stm32f10x_tim.o(.text)
    TIM_OC4PolarityConfig                    0x0800dcfd   Thumb Code    26  stm32f10x_tim.o(.text)
    TIM_CCxCmd                               0x0800dd17   Thumb Code    30  stm32f10x_tim.o(.text)
    TIM_CCxNCmd                              0x0800dd35   Thumb Code    30  stm32f10x_tim.o(.text)
    TIM_SelectOCxM                           0x0800dd53   Thumb Code    82  stm32f10x_tim.o(.text)
    TIM_UpdateDisableConfig                  0x0800dda5   Thumb Code    24  stm32f10x_tim.o(.text)
    TIM_UpdateRequestConfig                  0x0800ddbd   Thumb Code    24  stm32f10x_tim.o(.text)
    TIM_SelectHallSensor                     0x0800ddd5   Thumb Code    24  stm32f10x_tim.o(.text)
    TIM_SelectOnePulseMode                   0x0800dded   Thumb Code    18  stm32f10x_tim.o(.text)
    TIM_SelectOutputTrigger                  0x0800ddff   Thumb Code    18  stm32f10x_tim.o(.text)
    TIM_SelectSlaveMode                      0x0800de11   Thumb Code    18  stm32f10x_tim.o(.text)
    TIM_SelectMasterSlaveMode                0x0800de23   Thumb Code    18  stm32f10x_tim.o(.text)
    TIM_SetCounter                           0x0800de35   Thumb Code     4  stm32f10x_tim.o(.text)
    TIM_SetAutoreload                        0x0800de39   Thumb Code     4  stm32f10x_tim.o(.text)
    TIM_SetCompare1                          0x0800de3d   Thumb Code     4  stm32f10x_tim.o(.text)
    TIM_SetCompare2                          0x0800de41   Thumb Code     4  stm32f10x_tim.o(.text)
    TIM_SetCompare3                          0x0800de45   Thumb Code     4  stm32f10x_tim.o(.text)
    TIM_SetCompare4                          0x0800de49   Thumb Code     6  stm32f10x_tim.o(.text)
    TIM_SetClockDivision                     0x0800de4f   Thumb Code    18  stm32f10x_tim.o(.text)
    TIM_GetCapture1                          0x0800de61   Thumb Code     6  stm32f10x_tim.o(.text)
    TIM_GetCapture2                          0x0800de67   Thumb Code     6  stm32f10x_tim.o(.text)
    TIM_GetCapture3                          0x0800de6d   Thumb Code     6  stm32f10x_tim.o(.text)
    TIM_GetCapture4                          0x0800de73   Thumb Code     8  stm32f10x_tim.o(.text)
    TIM_GetCounter                           0x0800de7b   Thumb Code     6  stm32f10x_tim.o(.text)
    TIM_GetPrescaler                         0x0800de81   Thumb Code     6  stm32f10x_tim.o(.text)
    TIM_GetFlagStatus                        0x0800de87   Thumb Code    18  stm32f10x_tim.o(.text)
    TIM_ClearFlag                            0x0800de99   Thumb Code     6  stm32f10x_tim.o(.text)
    TIM_GetITStatus                          0x0800de9f   Thumb Code    34  stm32f10x_tim.o(.text)
    TIM_ClearITPendingBit                    0x0800dec1   Thumb Code     6  stm32f10x_tim.o(.text)
    SDIO_DeInit                              0x0800dec9   Thumb Code    28  stm32f10x_sdio.o(.text)
    SDIO_Init                                0x0800dee5   Thumb Code    42  stm32f10x_sdio.o(.text)
    SDIO_StructInit                          0x0800df0f   Thumb Code    16  stm32f10x_sdio.o(.text)
    SDIO_ClockCmd                            0x0800df1f   Thumb Code     6  stm32f10x_sdio.o(.text)
    SDIO_SetPowerState                       0x0800df25   Thumb Code    22  stm32f10x_sdio.o(.text)
    SDIO_GetPowerState                       0x0800df3b   Thumb Code    10  stm32f10x_sdio.o(.text)
    SDIO_ITConfig                            0x0800df45   Thumb Code    26  stm32f10x_sdio.o(.text)
    SDIO_DMACmd                              0x0800df5f   Thumb Code     6  stm32f10x_sdio.o(.text)
    SDIO_SendCommand                         0x0800df65   Thumb Code    38  stm32f10x_sdio.o(.text)
    SDIO_CmdStructInit                       0x0800df8b   Thumb Code    14  stm32f10x_sdio.o(.text)
    SDIO_GetCommandResponse                  0x0800df99   Thumb Code     8  stm32f10x_sdio.o(.text)
    SDIO_GetResponse                         0x0800dfa1   Thumb Code    22  stm32f10x_sdio.o(.text)
    SDIO_DataConfig                          0x0800dfb7   Thumb Code    42  stm32f10x_sdio.o(.text)
    SDIO_DataStructInit                      0x0800dfe1   Thumb Code    20  stm32f10x_sdio.o(.text)
    SDIO_GetDataCounter                      0x0800dff5   Thumb Code     6  stm32f10x_sdio.o(.text)
    SDIO_ReadData                            0x0800dffb   Thumb Code     8  stm32f10x_sdio.o(.text)
    SDIO_WriteData                           0x0800e003   Thumb Code     8  stm32f10x_sdio.o(.text)
    SDIO_GetFIFOCount                        0x0800e00b   Thumb Code     6  stm32f10x_sdio.o(.text)
    SDIO_StartSDIOReadWait                   0x0800e011   Thumb Code     8  stm32f10x_sdio.o(.text)
    SDIO_StopSDIOReadWait                    0x0800e019   Thumb Code     8  stm32f10x_sdio.o(.text)
    SDIO_SetSDIOReadWaitMode                 0x0800e021   Thumb Code     8  stm32f10x_sdio.o(.text)
    SDIO_SetSDIOOperation                    0x0800e029   Thumb Code     8  stm32f10x_sdio.o(.text)
    SDIO_SendSDIOSuspendCmd                  0x0800e031   Thumb Code     6  stm32f10x_sdio.o(.text)
    SDIO_CommandCompletionCmd                0x0800e037   Thumb Code     8  stm32f10x_sdio.o(.text)
    SDIO_CEATAITCmd                          0x0800e03f   Thumb Code    12  stm32f10x_sdio.o(.text)
    SDIO_SendCEATACmd                        0x0800e04b   Thumb Code     8  stm32f10x_sdio.o(.text)
    SDIO_GetFlagStatus                       0x0800e053   Thumb Code    20  stm32f10x_sdio.o(.text)
    SDIO_ClearFlag                           0x0800e067   Thumb Code     6  stm32f10x_sdio.o(.text)
    SDIO_GetITStatus                         0x0800e06d   Thumb Code    20  stm32f10x_sdio.o(.text)
    SDIO_ClearITPendingBit                   0x0800e081   Thumb Code     6  stm32f10x_sdio.o(.text)
    DMA_DeInit                               0x0800e09d   Thumb Code   324  stm32f10x_dma.o(.text)
    DMA_Init                                 0x0800e1e1   Thumb Code    60  stm32f10x_dma.o(.text)
    DMA_StructInit                           0x0800e21d   Thumb Code    26  stm32f10x_dma.o(.text)
    DMA_Cmd                                  0x0800e237   Thumb Code    24  stm32f10x_dma.o(.text)
    DMA_ITConfig                             0x0800e24f   Thumb Code    18  stm32f10x_dma.o(.text)
    DMA_SetCurrDataCounter                   0x0800e261   Thumb Code     4  stm32f10x_dma.o(.text)
    DMA_GetCurrDataCounter                   0x0800e265   Thumb Code     8  stm32f10x_dma.o(.text)
    DMA_GetFlagStatus                        0x0800e26d   Thumb Code    40  stm32f10x_dma.o(.text)
    DMA_ClearFlag                            0x0800e295   Thumb Code    22  stm32f10x_dma.o(.text)
    DMA_GetITStatus                          0x0800e2ab   Thumb Code    40  stm32f10x_dma.o(.text)
    DMA_ClearITPendingBit                    0x0800e2d3   Thumb Code    22  stm32f10x_dma.o(.text)
    mymemcpy                                 0x0800e2f1   Thumb Code    26  malloc.o(.text)
    mymemset                                 0x0800e30b   Thumb Code    20  malloc.o(.text)
    my_mem_init                              0x0800e31f   Thumb Code    54  malloc.o(.text)
    my_mem_perused                           0x0800e355   Thumb Code    54  malloc.o(.text)
    my_mem_malloc                            0x0800e38b   Thumb Code   154  malloc.o(.text)
    my_mem_free                              0x0800e425   Thumb Code    94  malloc.o(.text)
    myfree                                   0x0800e483   Thumb Code    32  malloc.o(.text)
    mymalloc                                 0x0800e4a3   Thumb Code    36  malloc.o(.text)
    myrealloc                                0x0800e4c7   Thumb Code    68  malloc.o(.text)
    clust2sect                               0x0800e6d3   Thumb Code    26  ff.o(.text)
    get_fat                                  0x0800e6ed   Thumb Code   242  ff.o(.text)
    put_fat                                  0x0800e7df   Thumb Code   322  ff.o(.text)
    dir_sdi                                  0x0800ea95   Thumb Code   158  ff.o(.text)
    f_mount                                  0x0800fb1f   Thumb Code    86  ff.o(.text)
    f_open                                   0x0800fb75   Thumb Code   384  ff.o(.text)
    f_read                                   0x0800fcf5   Thumb Code   450  ff.o(.text)
    f_write                                  0x0800feb7   Thumb Code   490  ff.o(.text)
    f_sync                                   0x080100a1   Thumb Code   176  ff.o(.text)
    f_close                                  0x08010151   Thumb Code    32  ff.o(.text)
    f_lseek                                  0x08010171   Thumb Code   684  ff.o(.text)
    f_opendir                                0x0801041d   Thumb Code   136  ff.o(.text)
    f_closedir                               0x080104a5   Thumb Code    22  ff.o(.text)
    f_readdir                                0x080104bb   Thumb Code   114  ff.o(.text)
    f_stat                                   0x0801052d   Thumb Code    84  ff.o(.text)
    f_getfree                                0x08010581   Thumb Code   258  ff.o(.text)
    f_truncate                               0x08010683   Thumb Code   184  ff.o(.text)
    f_unlink                                 0x0801073b   Thumb Code   190  ff.o(.text)
    f_mkdir                                  0x080107f9   Thumb Code   380  ff.o(.text)
    f_chmod                                  0x08010975   Thumb Code   112  ff.o(.text)
    f_rename                                 0x080109e5   Thumb Code   290  ff.o(.text)
    f_utime                                  0x08010b07   Thumb Code   110  ff.o(.text)
    f_getlabel                               0x08010b75   Thumb Code   190  ff.o(.text)
    f_setlabel                               0x08010c33   Thumb Code   482  ff.o(.text)
    f_mkfs                                   0x08010e15   Thumb Code  1578  ff.o(.text)
    f_gets                                   0x0801143f   Thumb Code    82  ff.o(.text)
    f_putc                                   0x080114d5   Thumb Code    64  ff.o(.text)
    f_puts                                   0x08011515   Thumb Code    74  ff.o(.text)
    f_printf                                 0x0801155f   Thumb Code   674  ff.o(.text)
    exfuns_init                              0x08011801   Thumb Code   114  exfuns.o(.text)
    char_upper                               0x08011873   Thumb Code    26  exfuns.o(.text)
    f_typetell                               0x0801188d   Thumb Code   188  exfuns.o(.text)
    exf_getfree                              0x08011949   Thumb Code    74  exfuns.o(.text)
    ff_convert                               0x080119a9   Thumb Code   146  mycc936.o(.text)
    ff_wtoupper                              0x08011a3b   Thumb Code    46  mycc936.o(.text)
    disk_status                              0x08011a75   Thumb Code     6  diskio.o(.text)
    disk_initialize                          0x08011a7b   Thumb Code    52  diskio.o(.text)
    disk_read                                0x08011aaf   Thumb Code   122  diskio.o(.text)
    disk_write                               0x08011b29   Thumb Code   122  diskio.o(.text)
    disk_ioctl                               0x08011ba3   Thumb Code   170  diskio.o(.text)
    get_fattime                              0x08011c4d   Thumb Code     4  diskio.o(.text)
    ff_memalloc                              0x08011c51   Thumb Code    14  diskio.o(.text)
    ff_memfree                               0x08011c5f   Thumb Code    14  diskio.o(.text)
    usmart_sys_cmd_exe                       0x08011c75   Thumb Code  1554  usmart.o(.text)
    usmart_reset_runtime                     0x08012287   Thumb Code    38  usmart.o(.text)
    usmart_get_runtime                       0x080122ad   Thumb Code    60  usmart.o(.text)
    TIM4_IRQHandler                          0x080122e9   Thumb Code    46  usmart.o(.text)
    Timer4_Init                              0x08012317   Thumb Code    88  usmart.o(.text)
    usmart_init                              0x0801236f   Thumb Code    36  usmart.o(.text)
    usmart_cmd_rec                           0x08012393   Thumb Code   170  usmart.o(.text)
    usmart_exe                               0x0801243d   Thumb Code   870  usmart.o(.text)
    usmart_scan                              0x080127a3   Thumb Code   120  usmart.o(.text)
    read_addr                                0x0801281b   Thumb Code     6  usmart.o(.text)
    write_addr                               0x08012821   Thumb Code     4  usmart.o(.text)
    usmart_strcmp                            0x080128ad   Thumb Code    34  usmart_str.o(.text)
    usmart_strcopy                           0x080128cf   Thumb Code    22  usmart_str.o(.text)
    usmart_strlen                            0x080128e5   Thumb Code    24  usmart_str.o(.text)
    usmart_pow                               0x080128fd   Thumb Code    22  usmart_str.o(.text)
    usmart_str2num                           0x08012913   Thumb Code   202  usmart_str.o(.text)
    usmart_get_cmdname                       0x080129dd   Thumb Code    54  usmart_str.o(.text)
    usmart_search_nextc                      0x08012a13   Thumb Code    22  usmart_str.o(.text)
    usmart_get_fname                         0x08012a29   Thumb Code   440  usmart_str.o(.text)
    usmart_get_aparm                         0x08012be1   Thumb Code   200  usmart_str.o(.text)
    usmart_get_parmpos                       0x08012ca9   Thumb Code    26  usmart_str.o(.text)
    usmart_get_fparam                        0x08012cc3   Thumb Code   262  usmart_str.o(.text)
    fupd_prog                                0x08012dd5   Thumb Code   134  fontupd.o(.text)
    updata_fontx                             0x08012e5b   Thumb Code   346  fontupd.o(.text)
    update_font                              0x08012fb5   Thumb Code   882  fontupd.o(.text)
    font_init                                0x08013327   Thumb Code    64  fontupd.o(.text)
    Get_HzMat                                0x080133a5   Thumb Code   220  text.o(.text)
    Show_Font                                0x08013481   Thumb Code   190  text.o(.text)
    Show_Str                                 0x0801353f   Thumb Code   192  text.o(.text)
    Show_Str_Mid                             0x080135ff   Thumb Code   106  text.o(.text)
    __use_no_semihosting                     0x08013679   Thumb Code     2  use_no_semi_2.o(.text)
    __aeabi_ldivmod                          0x0801367b   Thumb Code     0  llsdiv.o(.text)
    _ll_sdiv                                 0x0801367b   Thumb Code    72  llsdiv.o(.text)
    __c89vsprintf                            0x080136c5   Thumb Code    32  c89vsprintf.o(.text)
    __2printf                                0x080136e9   Thumb Code    20  __2printf.o(.text)
    __2sprintf                               0x08013701   Thumb Code    38  __2sprintf.o(.text)
    _printf_pre_padding                      0x0801372d   Thumb Code    44  _printf_pad.o(.text)
    _printf_post_padding                     0x08013759   Thumb Code    34  _printf_pad.o(.text)
    _printf_str                              0x0801377b   Thumb Code    82  _printf_str.o(.text)
    _printf_int_dec                          0x080137cd   Thumb Code   104  _printf_dec.o(.text)
    _printf_longlong_hex                     0x08013845   Thumb Code    86  _printf_hex_int_ll_ptr.o(.text)
    _printf_int_hex                          0x0801389b   Thumb Code    28  _printf_hex_int_ll_ptr.o(.text)
    _printf_ll_hex                           0x080138b7   Thumb Code    12  _printf_hex_int_ll_ptr.o(.text)
    _printf_hex_ptr                          0x080138c3   Thumb Code    18  _printf_hex_int_ll_ptr.o(.text)
    __printf                                 0x080138d9   Thumb Code   388  __printf_flags_ss_wp.o(.text)
    strstr                                   0x08013a61   Thumb Code    36  strstr.o(.text)
    strcpy                                   0x08013a85   Thumb Code    72  strcpy.o(.text)
    strlen                                   0x08013acd   Thumb Code    62  strlen.o(.text)
    strcat                                   0x08013b0b   Thumb Code    24  strcat.o(.text)
    __aeabi_memcpy                           0x08013b23   Thumb Code     0  rt_memcpy_v6.o(.text)
    __rt_memcpy                              0x08013b23   Thumb Code   138  rt_memcpy_v6.o(.text)
    _memcpy_lastbytes                        0x08013b89   Thumb Code     0  rt_memcpy_v6.o(.text)
    __aeabi_memcpy4                          0x08013bad   Thumb Code     0  rt_memcpy_w.o(.text)
    __aeabi_memcpy8                          0x08013bad   Thumb Code     0  rt_memcpy_w.o(.text)
    __rt_memcpy_w                            0x08013bad   Thumb Code   100  rt_memcpy_w.o(.text)
    _memcpy_lastbytes_aligned                0x08013bf5   Thumb Code     0  rt_memcpy_w.o(.text)
    strcmp                                   0x08013c11   Thumb Code   128  strcmpv7m.o(.text)
    __use_two_region_memory                  0x08013c91   Thumb Code     2  heapauxi.o(.text)
    __rt_heap_escrow$2region                 0x08013c93   Thumb Code     2  heapauxi.o(.text)
    __rt_heap_expand$2region                 0x08013c95   Thumb Code     2  heapauxi.o(.text)
    __I$use$semihosting                      0x08013c97   Thumb Code     0  use_no_semi.o(.text)
    __use_no_semihosting_swi                 0x08013c97   Thumb Code     2  use_no_semi.o(.text)
    __aeabi_uldivmod                         0x08013c99   Thumb Code     0  lludivv7m.o(.text)
    _ll_udiv                                 0x08013c99   Thumb Code   238  lludivv7m.o(.text)
    __read_errno                             0x08013d87   Thumb Code    10  _rserrno.o(.text)
    __set_errno                              0x08013d91   Thumb Code    12  _rserrno.o(.text)
    _printf_truncate_signed                  0x08013d9d   Thumb Code    18  _printf_truncate.o(.text)
    _printf_truncate_unsigned                0x08013daf   Thumb Code    18  _printf_truncate.o(.text)
    _printf_int_common                       0x08013dc1   Thumb Code   178  _printf_intcommon.o(.text)
    _printf_charcount                        0x08013e73   Thumb Code    40  _printf_charcount.o(.text)
    _printf_char_common                      0x08013ea7   Thumb Code    32  _printf_char_common.o(.text)
    _sputc                                   0x08013ecd   Thumb Code    10  _sputc.o(.text)
    _printf_cs_common                        0x08013ed7   Thumb Code    20  _printf_char.o(.text)
    _printf_char                             0x08013eeb   Thumb Code    16  _printf_char.o(.text)
    _printf_string                           0x08013efb   Thumb Code     8  _printf_char.o(.text)
    _printf_char_file                        0x08013f05   Thumb Code    32  _printf_char_file.o(.text)
    _printf_wctomb                           0x08013f29   Thumb Code   182  _printf_wctomb.o(.text)
    _printf_longlong_dec                     0x08013fe5   Thumb Code   108  _printf_longlong_dec.o(.text)
    _printf_longlong_oct                     0x08014061   Thumb Code    68  _printf_oct_int_ll.o(.text)
    _printf_int_oct                          0x080140a5   Thumb Code    24  _printf_oct_int_ll.o(.text)
    _printf_ll_oct                           0x080140bd   Thumb Code    12  _printf_oct_int_ll.o(.text)
    __aeabi_errno_addr                       0x080140d1   Thumb Code     8  rt_errno_addr_intlibspace.o(.text)
    __errno$intlibspace                      0x080140d1   Thumb Code     0  rt_errno_addr_intlibspace.o(.text)
    __rt_errno_addr$intlibspace              0x080140d1   Thumb Code     0  rt_errno_addr_intlibspace.o(.text)
    _ll_udiv10                               0x080140d9   Thumb Code   138  lludiv10.o(.text)
    __lib_sel_fp_printf                      0x08014163   Thumb Code     2  _printf_fp_dec.o(.text)
    _printf_fp_dec_real                      0x08014311   Thumb Code   620  _printf_fp_dec.o(.text)
    _printf_lcs_common                       0x0801457d   Thumb Code    20  _printf_wchar.o(.text)
    _printf_wchar                            0x08014591   Thumb Code    16  _printf_wchar.o(.text)
    _printf_wstring                          0x080145a1   Thumb Code     8  _printf_wchar.o(.text)
    ferror                                   0x080145a9   Thumb Code     8  ferror.o(.text)
    _wcrtomb                                 0x080145b1   Thumb Code    64  _wcrtomb.o(.text)
    __user_libspace                          0x080145f1   Thumb Code     8  libspace.o(.text)
    __user_perproc_libspace                  0x080145f1   Thumb Code     0  libspace.o(.text)
    __user_perthread_libspace                0x080145f1   Thumb Code     0  libspace.o(.text)
    __user_setup_stackheap                   0x080145f9   Thumb Code    74  sys_stackheap_outer.o(.text)
    __rt_ctype_table                         0x08014645   Thumb Code    16  rt_ctype_table.o(.text)
    __rt_locale                              0x08014655   Thumb Code     8  rt_locale_intlibspace.o(.text)
    _printf_fp_infnan                        0x0801465d   Thumb Code   112  _printf_fp_infnan.o(.text)
    _btod_etento                             0x080146dd   Thumb Code   216  bigflt0.o(.text)
    exit                                     0x080147b9   Thumb Code    12  exit.o(.text)
    _btod_d2e                                0x080147c5   Thumb Code    62  btod.o(CL$$btod_d2e)
    _d2e_denorm_low                          0x08014803   Thumb Code    70  btod.o(CL$$btod_d2e_denorm_low)
    _d2e_norm_op1                            0x08014849   Thumb Code    96  btod.o(CL$$btod_d2e_norm_op1)
    __btod_div_common                        0x080148a9   Thumb Code   696  btod.o(CL$$btod_div_common)
    _e2e                                     0x08014be1   Thumb Code   198  btod.o(CL$$btod_e2e)
    _btod_ediv                               0x08014ca7   Thumb Code    40  btod.o(CL$$btod_ediv)
    _btod_emul                               0x08014ccf   Thumb Code    40  btod.o(CL$$btod_emul)
    __btod_mult_common                       0x08014cf7   Thumb Code   580  btod.o(CL$$btod_mult_common)
    __ARM_fpclassify                         0x08014f3b   Thumb Code    40  fpclassify.o(i.__ARM_fpclassify)
    _is_digit                                0x08014f63   Thumb Code    14  __printf_wp.o(i._is_digit)
    sqrt                                     0x08014f71   Thumb Code    76  sqrt.o(i.sqrt)
    _get_lc_numeric                          0x08014fbd   Thumb Code    44  lc_numeric_c.o(locale$$code)
    _get_lc_ctype                            0x08014fe9   Thumb Code    44  lc_ctype_c.o(locale$$code)
    __aeabi_dadd                             0x08015015   Thumb Code     0  daddsub_clz.o(x$fpl$dadd)
    _dadd                                    0x08015015   Thumb Code   332  daddsub_clz.o(x$fpl$dadd)
    __fpl_dcmp_Inf                           0x08015165   Thumb Code    24  dcmpi.o(x$fpl$dcmpinf)
    __aeabi_d2uiz                            0x0801517d   Thumb Code     0  dfixu.o(x$fpl$dfixu)
    _dfixu                                   0x0801517d   Thumb Code    90  dfixu.o(x$fpl$dfixu)
    __aeabi_i2d                              0x080151d7   Thumb Code     0  dflt_clz.o(x$fpl$dflt)
    _dflt                                    0x080151d7   Thumb Code    46  dflt_clz.o(x$fpl$dflt)
    __aeabi_ui2d                             0x08015205   Thumb Code     0  dflt_clz.o(x$fpl$dfltu)
    _dfltu                                   0x08015205   Thumb Code    38  dflt_clz.o(x$fpl$dfltu)
    __aeabi_cdcmple                          0x0801522d   Thumb Code     0  dleqf.o(x$fpl$dleqf)
    _dcmple                                  0x0801522d   Thumb Code   120  dleqf.o(x$fpl$dleqf)
    __fpl_dcmple_InfNaN                      0x0801528f   Thumb Code     0  dleqf.o(x$fpl$dleqf)
    __aeabi_dmul                             0x080152a5   Thumb Code     0  dmul.o(x$fpl$dmul)
    _dmul                                    0x080152a5   Thumb Code   332  dmul.o(x$fpl$dmul)
    __fpl_dnaninf                            0x080153f9   Thumb Code   156  dnaninf.o(x$fpl$dnaninf)
    __fpl_dretinf                            0x08015495   Thumb Code    12  dretinf.o(x$fpl$dretinf)
    __aeabi_cdrcmple                         0x080154a1   Thumb Code     0  drleqf.o(x$fpl$drleqf)
    _drcmple                                 0x080154a1   Thumb Code   108  drleqf.o(x$fpl$drleqf)
    __aeabi_drsub                            0x0801550d   Thumb Code     0  daddsub_clz.o(x$fpl$drsb)
    _drsb                                    0x0801550d   Thumb Code    22  daddsub_clz.o(x$fpl$drsb)
    _dsqrt                                   0x08015525   Thumb Code   456  dsqrt_noumaal.o(x$fpl$dsqrt)
    __aeabi_dsub                             0x080156f1   Thumb Code     0  daddsub_clz.o(x$fpl$dsub)
    _dsub                                    0x080156f1   Thumb Code   464  daddsub_clz.o(x$fpl$dsub)
    __aeabi_f2d                              0x080158c5   Thumb Code     0  f2d.o(x$fpl$f2d)
    _f2d                                     0x080158c5   Thumb Code    86  f2d.o(x$fpl$f2d)
    __aeabi_fadd                             0x0801591d   Thumb Code     0  faddsub_clz.o(x$fpl$fadd)
    _fadd                                    0x0801591d   Thumb Code   196  faddsub_clz.o(x$fpl$fadd)
    __fpl_fcmp_Inf                           0x080159e1   Thumb Code    24  fcmpi.o(x$fpl$fcmpinf)
    __aeabi_fdiv                             0x080159f9   Thumb Code     0  fdiv.o(x$fpl$fdiv)
    _fdiv                                    0x080159f9   Thumb Code   384  fdiv.o(x$fpl$fdiv)
    __aeabi_cfcmpeq                          0x08015b7d   Thumb Code     0  feqf.o(x$fpl$feqf)
    _fcmpeq                                  0x08015b7d   Thumb Code   104  feqf.o(x$fpl$feqf)
    __aeabi_f2iz                             0x08015be5   Thumb Code     0  ffix.o(x$fpl$ffix)
    _ffix                                    0x08015be5   Thumb Code    54  ffix.o(x$fpl$ffix)
    __aeabi_f2uiz                            0x08015c1d   Thumb Code     0  ffixu.o(x$fpl$ffixu)
    _ffixu                                   0x08015c1d   Thumb Code    62  ffixu.o(x$fpl$ffixu)
    __aeabi_i2f                              0x08015c5d   Thumb Code     0  fflt_clz.o(x$fpl$fflt)
    _fflt                                    0x08015c5d   Thumb Code    48  fflt_clz.o(x$fpl$fflt)
    __aeabi_ui2f                             0x08015c8d   Thumb Code     0  fflt_clz.o(x$fpl$ffltu)
    _ffltu                                   0x08015c8d   Thumb Code    38  fflt_clz.o(x$fpl$ffltu)
    __aeabi_fmul                             0x08015cb5   Thumb Code     0  fmul.o(x$fpl$fmul)
    _fmul                                    0x08015cb5   Thumb Code   258  fmul.o(x$fpl$fmul)
    __fpl_fnaninf                            0x08015db7   Thumb Code   140  fnaninf.o(x$fpl$fnaninf)
    __fpl_fretinf                            0x08015e43   Thumb Code    10  fretinf.o(x$fpl$fretinf)
    __aeabi_fsub                             0x08015e4d   Thumb Code     0  faddsub_clz.o(x$fpl$fsub)
    _fsub                                    0x08015e4d   Thumb Code   234  faddsub_clz.o(x$fpl$fsub)
    _printf_fp_dec                           0x08015f37   Thumb Code     4  printf1.o(x$fpl$printf1)
    __I$use$fp                               0x08015f3a   Number         0  usenofp.o(x$fpl$usenofp)
    asc2_1206                                0x08015f3a   Data        1140  lcd.o(.constdata)
    asc2_1608                                0x080163ae   Data        1520  lcd.o(.constdata)
    asc2_2412                                0x0801699e   Data        3420  lcd.o(.constdata)
    FT5206_TPX_TBL                           0x080176fa   Data          10  ft5206.o(.constdata)
    GT9147_CFG_TBL                           0x08017704   Data         184  gt9147.o(.constdata)
    GT9147_TPX_TBL                           0x080177bc   Data          10  gt9147.o(.constdata)
    OTT_TPX_TBL                              0x080177c6   Data          10  ott2001a.o(.constdata)
    TP_REMIND_MSG_TBL                        0x080177d0   Data           4  touch.o(.constdata)
    BufferSrc                                0x080177d4   Data          48  dma.o(.constdata)
    memtblsize                               0x08017804   Data           8  malloc.o(.constdata)
    memblksize                               0x0801780c   Data           8  malloc.o(.constdata)
    memsize                                  0x08017814   Data           8  malloc.o(.constdata)
    FILE_TYPE_TBL                            0x08017858   Data         312  exfuns.o(.constdata)
    GBK24_PATH                               0x08017d50   Data           4  fontupd.o(.constdata)
    GBK16_PATH                               0x08017d54   Data           4  fontupd.o(.constdata)
    GBK12_PATH                               0x08017d58   Data           4  fontupd.o(.constdata)
    UNIGBK_PATH                              0x08017d5c   Data           4  fontupd.o(.constdata)
    Region$$Table$$Base                      0x0801813c   Number         0  anon$$obj.o(Region$$Table)
    Region$$Table$$Limit                     0x0801815c   Number         0  anon$$obj.o(Region$$Table)
    __ctype                                  0x08018185   Data           0  lc_ctype_c.o(locale$$data)
    ValidN                                   0x20000000   Data           2  main.o(.data)
    kbd_tbl                                  0x20000004   Data           4  main.o(.data)
    kbd_menu                                 0x20000008   Data          60  main.o(.data)
    kbd_delFR                                0x20000044   Data          60  main.o(.data)
    checknum                                 0x20000080   Data           4  main.o(.data)
    flagR1                                   0x20000084   Data           4  main.o(.data)
    SystemCoreClock                          0x2000008c   Data           4  system_stm32f10x.o(.data)
    AHBPrescTable                            0x20000090   Data          16  system_stm32f10x.o(.data)
    POINT_COLOR                              0x200000a2   Data           2  lcd.o(.data)
    BACK_COLOR                               0x200000a4   Data           2  lcd.o(.data)
    W25QXX_TYPE                              0x200000a6   Data           2  w25qxx.o(.data)
    tp_dev                                   0x200000ac   Data          52  touch.o(.data)
    CMD_RDX                                  0x200000e0   Data           1  touch.o(.data)
    CMD_RDY                                  0x200000e1   Data           1  touch.o(.data)
    USART2_RX_STA                            0x200000e2   Data           2  usart2.o(.data)
    AS608Addr                                0x200000e4   Data           4  as608.o(.data)
    TransferError                            0x200000f2   Data           1  sdio_sdcard.o(.data)
    TransferEnd                              0x200000f3   Data           1  sdio_sdcard.o(.data)
    tempbuff                                 0x200000f4   Data           4  sdio_sdcard.o(.data)
    IDnum                                    0x200000f8   Data          17  esp8266.o(.data)
    Heart                                    0x20000109   Data           2  esp8266.o(.data)
    heartnumber                              0x2000010c   Data           4  esp8266.o(.data)
    check                                    0x20000110   Data           4  esp8266.o(.data)
    ledCmd                                   0x20000114   Data          28  esp8266.o(.data)
    flagR                                    0x20000130   Data           4  esp8266.o(.data)
    flagG                                    0x20000134   Data           4  esp8266.o(.data)
    flagB                                    0x20000138   Data           4  esp8266.o(.data)
    extiFlag                                 0x2000013c   Data           4  esp8266.o(.data)
    flagDoor                                 0x20000140   Data           4  esp8266.o(.data)
    flagD                                    0x20000144   Data           4  esp8266.o(.data)
    OC1pul                                   0x20000148   Data           4  time.o(.data)
    OC2pul                                   0x2000014c   Data           4  time.o(.data)
    OC3pul                                   0x20000150   Data           4  time.o(.data)
    OC4pul                                   0x20000154   Data           4  time.o(.data)
    percent1                                 0x20000158   Data           4  time.o(.data)
    percent2                                 0x2000015c   Data           4  time.o(.data)
    percent3                                 0x20000160   Data           4  time.o(.data)
    percent4                                 0x20000164   Data           4  time.o(.data)
    __stdout                                 0x2000016c   Data           4  usart.o(.data)
    USART_RX_STA                             0x20000170   Data           2  usart.o(.data)
    mallco_dev                               0x20000188   Data          28  malloc.o(.data)
    fs                                       0x200001b0   Data           8  exfuns.o(.data)
    file                                     0x200001b8   Data           4  exfuns.o(.data)
    ftemp                                    0x200001bc   Data           4  exfuns.o(.data)
    br                                       0x200001c0   Data           4  exfuns.o(.data)
    bw                                       0x200001c4   Data           4  exfuns.o(.data)
    fatbuf                                   0x200001c8   Data           4  exfuns.o(.data)
    FLASH_SECTOR_COUNT                       0x200001cc   Data           2  diskio.o(.data)
    sys_cmd_tab                              0x200001d0   Data          28  usmart.o(.data)
    usmart_nametab                           0x200001ec   Data          48  usmart_config.o(.data)
    usmart_dev                               0x2000021c   Data         244  usmart_config.o(.data)
    AS608Para                                0x20000310   Data          12  main.o(.bss)
    lcddev                                   0x2000031c   Data          14  lcd.o(.bss)
    W25QXX_BUFFER                            0x2000032a   Data        4096  w25qxx.o(.bss)
    USART2_RX_BUF                            0x2000132a   Data         400  usart2.o(.bss)
    USART2_TX_BUF                            0x200014ba   Data         400  usart2.o(.bss)
    SDIO_InitStructure                       0x20001650   Data          24  sdio_sdcard.o(.bss)
    SDIO_CmdInitStructure                    0x20001668   Data          20  sdio_sdcard.o(.bss)
    SDIO_DataInitStructure                   0x2000167c   Data          24  sdio_sdcard.o(.bss)
    SDCardInfo                               0x200016b8   Data          88  sdio_sdcard.o(.bss)
    SDIO_DATA_BUFFER                         0x20001710   Data         512  sdio_sdcard.o(.bss)
    BufferDst                                0x20001910   Data          48  dma.o(.bss)
    DMA_Rece_Buf                             0x20001940   Data        4096  dma.o(.bss)
    Esp                                      0x20002940   Data        1025  esp8266.o(.bss)
    Usart                                    0x20002d41   Data        1025  esp8266.o(.bss)
    USART_RX_BUF                             0x20003142   Data         200  usart.o(.bss)
    mem1base                                 0x20003220   Data       40960  malloc.o(.bss)
    mem1mapbase                              0x2000d220   Data        2560  malloc.o(.bss)
    ftinfo                                   0x2000dc20   Data          33  fontupd.o(.bss)
    __libspace_start                         0x2000dc44   Data          96  libspace.o(.bss)
    __temporary_stack_top$libspace           0x2000dca4   Data           0  libspace.o(.bss)
    mem2base                                 0x68000000   Data       983040  malloc.o(.ARM.__AT_0x68000000)
    mem2mapbase                              0x680f0000   Data       61440  malloc.o(.ARM.__AT_0x680F0000)



==============================================================================

Memory Map of the image

  Image Entry point : 0x08000131

  Load Region LR_IROM1 (Base: 0x08000000, Size: 0x00018598, Max: 0x00080000, ABSOLUTE, COMPRESSED[0x000183a4])

    Execution Region ER_IROM1 (Base: 0x08000000, Size: 0x00018288, Max: 0x00080000, ABSOLUTE)

    Base Addr    Size         Type   Attr      Idx    E Section Name        Object

    0x08000000   0x00000130   Data   RO          723    RESET               startup_stm32f10x_hd.o
    0x08000130   0x00000008   Code   RO         1117  * !!!main             c_w.l(__main.o)
    0x08000138   0x00000034   Code   RO         1470    !!!scatter          c_w.l(__scatter.o)
    0x0800016c   0x0000005a   Code   RO         1468    !!dczerorl2         c_w.l(__dczerorl2.o)
    0x080001c6   0x00000002   PAD
    0x080001c8   0x0000001c   Code   RO         1472    !!handler_zi        c_w.l(__scatter_zi.o)
    0x080001e4   0x00000000   Code   RO         1100    .ARM.Collect$$_printf_percent$$00000000  c_w.l(_printf_percent.o)
    0x080001e4   0x00000006   Code   RO         1211    .ARM.Collect$$_printf_percent$$00000001  c_w.l(_printf_n.o)
    0x080001ea   0x00000006   Code   RO         1212    .ARM.Collect$$_printf_percent$$00000002  c_w.l(_printf_p.o)
    0x080001f0   0x00000006   Code   RO         1215    .ARM.Collect$$_printf_percent$$00000003  c_w.l(_printf_f.o)
    0x080001f6   0x00000006   Code   RO         1216    .ARM.Collect$$_printf_percent$$00000004  c_w.l(_printf_e.o)
    0x080001fc   0x00000006   Code   RO         1217    .ARM.Collect$$_printf_percent$$00000005  c_w.l(_printf_g.o)
    0x08000202   0x00000006   Code   RO         1218    .ARM.Collect$$_printf_percent$$00000006  c_w.l(_printf_a.o)
    0x08000208   0x0000000a   Code   RO         1223    .ARM.Collect$$_printf_percent$$00000007  c_w.l(_printf_ll.o)
    0x08000212   0x00000006   Code   RO         1214    .ARM.Collect$$_printf_percent$$00000008  c_w.l(_printf_i.o)
    0x08000218   0x00000006   Code   RO         1098    .ARM.Collect$$_printf_percent$$00000009  c_w.l(_printf_d.o)
    0x0800021e   0x00000006   Code   RO         1099    .ARM.Collect$$_printf_percent$$0000000A  c_w.l(_printf_u.o)
    0x08000224   0x00000006   Code   RO         1213    .ARM.Collect$$_printf_percent$$0000000B  c_w.l(_printf_o.o)
    0x0800022a   0x00000006   Code   RO         1097    .ARM.Collect$$_printf_percent$$0000000C  c_w.l(_printf_x.o)
    0x08000230   0x00000006   Code   RO         1220    .ARM.Collect$$_printf_percent$$0000000D  c_w.l(_printf_lli.o)
    0x08000236   0x00000006   Code   RO         1221    .ARM.Collect$$_printf_percent$$0000000E  c_w.l(_printf_lld.o)
    0x0800023c   0x00000006   Code   RO         1222    .ARM.Collect$$_printf_percent$$0000000F  c_w.l(_printf_llu.o)
    0x08000242   0x00000006   Code   RO         1227    .ARM.Collect$$_printf_percent$$00000010  c_w.l(_printf_llo.o)
    0x08000248   0x00000006   Code   RO         1228    .ARM.Collect$$_printf_percent$$00000011  c_w.l(_printf_llx.o)
    0x0800024e   0x0000000a   Code   RO         1224    .ARM.Collect$$_printf_percent$$00000012  c_w.l(_printf_l.o)
    0x08000258   0x00000006   Code   RO         1095    .ARM.Collect$$_printf_percent$$00000013  c_w.l(_printf_c.o)
    0x0800025e   0x00000006   Code   RO         1096    .ARM.Collect$$_printf_percent$$00000014  c_w.l(_printf_s.o)
    0x08000264   0x00000006   Code   RO         1225    .ARM.Collect$$_printf_percent$$00000015  c_w.l(_printf_lc.o)
    0x0800026a   0x00000006   Code   RO         1226    .ARM.Collect$$_printf_percent$$00000016  c_w.l(_printf_ls.o)
    0x08000270   0x00000004   Code   RO         1219    .ARM.Collect$$_printf_percent$$00000017  c_w.l(_printf_percent_end.o)
    0x08000274   0x00000002   Code   RO         1335    .ARM.Collect$$libinit$$00000000  c_w.l(libinit.o)
    0x08000276   0x00000000   Code   RO         1350    .ARM.Collect$$libinit$$00000002  c_w.l(libinit2.o)
    0x08000276   0x00000000   Code   RO         1352    .ARM.Collect$$libinit$$00000004  c_w.l(libinit2.o)
    0x08000276   0x00000000   Code   RO         1355    .ARM.Collect$$libinit$$0000000A  c_w.l(libinit2.o)
    0x08000276   0x00000000   Code   RO         1357    .ARM.Collect$$libinit$$0000000C  c_w.l(libinit2.o)
    0x08000276   0x00000000   Code   RO         1359    .ARM.Collect$$libinit$$0000000E  c_w.l(libinit2.o)
    0x08000276   0x00000006   Code   RO         1360    .ARM.Collect$$libinit$$0000000F  c_w.l(libinit2.o)
    0x0800027c   0x00000000   Code   RO         1362    .ARM.Collect$$libinit$$00000011  c_w.l(libinit2.o)
    0x0800027c   0x0000000c   Code   RO         1363    .ARM.Collect$$libinit$$00000012  c_w.l(libinit2.o)
    0x08000288   0x00000000   Code   RO         1364    .ARM.Collect$$libinit$$00000013  c_w.l(libinit2.o)
    0x08000288   0x00000000   Code   RO         1366    .ARM.Collect$$libinit$$00000015  c_w.l(libinit2.o)
    0x08000288   0x0000000a   Code   RO         1367    .ARM.Collect$$libinit$$00000016  c_w.l(libinit2.o)
    0x08000292   0x00000000   Code   RO         1368    .ARM.Collect$$libinit$$00000017  c_w.l(libinit2.o)
    0x08000292   0x00000000   Code   RO         1370    .ARM.Collect$$libinit$$00000019  c_w.l(libinit2.o)
    0x08000292   0x00000000   Code   RO         1372    .ARM.Collect$$libinit$$0000001B  c_w.l(libinit2.o)
    0x08000292   0x00000000   Code   RO         1374    .ARM.Collect$$libinit$$0000001D  c_w.l(libinit2.o)
    0x08000292   0x00000000   Code   RO         1376    .ARM.Collect$$libinit$$0000001F  c_w.l(libinit2.o)
    0x08000292   0x00000000   Code   RO         1378    .ARM.Collect$$libinit$$00000021  c_w.l(libinit2.o)
    0x08000292   0x00000000   Code   RO         1380    .ARM.Collect$$libinit$$00000023  c_w.l(libinit2.o)
    0x08000292   0x00000000   Code   RO         1382    .ARM.Collect$$libinit$$00000025  c_w.l(libinit2.o)
    0x08000292   0x00000000   Code   RO         1386    .ARM.Collect$$libinit$$0000002C  c_w.l(libinit2.o)
    0x08000292   0x00000000   Code   RO         1388    .ARM.Collect$$libinit$$0000002E  c_w.l(libinit2.o)
    0x08000292   0x00000000   Code   RO         1390    .ARM.Collect$$libinit$$00000030  c_w.l(libinit2.o)
    0x08000292   0x00000000   Code   RO         1392    .ARM.Collect$$libinit$$00000032  c_w.l(libinit2.o)
    0x08000292   0x00000002   Code   RO         1393    .ARM.Collect$$libinit$$00000033  c_w.l(libinit2.o)
    0x08000294   0x00000002   Code   RO         1421    .ARM.Collect$$libshutdown$$00000000  c_w.l(libshutdown.o)
    0x08000296   0x00000000   Code   RO         1436    .ARM.Collect$$libshutdown$$00000003  c_w.l(libshutdown2.o)
    0x08000296   0x00000000   Code   RO         1439    .ARM.Collect$$libshutdown$$00000006  c_w.l(libshutdown2.o)
    0x08000296   0x00000000   Code   RO         1442    .ARM.Collect$$libshutdown$$00000009  c_w.l(libshutdown2.o)
    0x08000296   0x00000000   Code   RO         1444    .ARM.Collect$$libshutdown$$0000000B  c_w.l(libshutdown2.o)
    0x08000296   0x00000000   Code   RO         1447    .ARM.Collect$$libshutdown$$0000000E  c_w.l(libshutdown2.o)
    0x08000296   0x00000002   Code   RO         1448    .ARM.Collect$$libshutdown$$0000000F  c_w.l(libshutdown2.o)
    0x08000298   0x00000000   Code   RO         1181    .ARM.Collect$$rtentry$$00000000  c_w.l(__rtentry.o)
    0x08000298   0x00000000   Code   RO         1247    .ARM.Collect$$rtentry$$00000002  c_w.l(__rtentry2.o)
    0x08000298   0x00000006   Code   RO         1259    .ARM.Collect$$rtentry$$00000004  c_w.l(__rtentry4.o)
    0x0800029e   0x00000000   Code   RO         1249    .ARM.Collect$$rtentry$$00000009  c_w.l(__rtentry2.o)
    0x0800029e   0x00000004   Code   RO         1250    .ARM.Collect$$rtentry$$0000000A  c_w.l(__rtentry2.o)
    0x080002a2   0x00000000   Code   RO         1252    .ARM.Collect$$rtentry$$0000000C  c_w.l(__rtentry2.o)
    0x080002a2   0x00000008   Code   RO         1253    .ARM.Collect$$rtentry$$0000000D  c_w.l(__rtentry2.o)
    0x080002aa   0x00000002   Code   RO         1340    .ARM.Collect$$rtexit$$00000000  c_w.l(rtexit.o)
    0x080002ac   0x00000000   Code   RO         1395    .ARM.Collect$$rtexit$$00000002  c_w.l(rtexit2.o)
    0x080002ac   0x00000004   Code   RO         1396    .ARM.Collect$$rtexit$$00000003  c_w.l(rtexit2.o)
    0x080002b0   0x00000006   Code   RO         1397    .ARM.Collect$$rtexit$$00000004  c_w.l(rtexit2.o)
    0x080002b6   0x00000002   PAD
    0x080002b8   0x00000f94   Code   RO            1    .text               main.o
    0x0800124c   0x00000088   Code   RO          220    .text               stm32f10x_it.o
    0x080012d4   0x000001e0   Code   RO          272    .text               system_stm32f10x.o
    0x080014b4   0x000000fc   Code   RO          290    .text               key.o
    0x080015b0   0x00004a5c   Code   RO          303    .text               lcd.o
    0x0800600c   0x00000108   Code   RO          333    .text               spi.o
    0x08006114   0x00000368   Code   RO          348    .text               w25qxx.o
    0x0800647c   0x0000017a   Code   RO          367    .text               24cxx.o
    0x080065f6   0x00000002   PAD
    0x080065f8   0x0000026c   Code   RO          385    .text               myiic.o
    0x08006864   0x00000284   Code   RO          397    .text               ctiic.o
    0x08006ae8   0x00000338   Code   RO          412    .text               ft5206.o
    0x08006e20   0x00000458   Code   RO          428    .text               gt9147.o
    0x08007278   0x0000036c   Code   RO          444    .text               ott2001a.o
    0x080075e4   0x00000fb4   Code   RO          460    .text               touch.o
    0x08008598   0x0000008c   Code   RO          484    .text               timer.o
    0x08008624   0x00000038   Code   RO          497    .text               beep.o
    0x0800865c   0x0000017c   Code   RO          509    .text               usart2.o
    0x080087d8   0x00000ab8   Code   RO          535    .text               as608.o
    0x08009290   0x00001c30   Code   RO          553    .text               sdio_sdcard.o
    0x0800aec0   0x00000110   Code   RO          572    .text               dma.o
    0x0800afd0   0x00000354   Code   RO          595    .text               esp8266.o
    0x0800b324   0x00000424   Code   RO          615    .text               time.o
    0x0800b748   0x00000188   Code   RO          633    .text               uart.o
    0x0800b8d0   0x00000080   Code   RO          645    .text               led.o
    0x0800b950   0x000000d4   Code   RO          657    .text               delay.o
    0x0800ba24   0x0000000c   Code   RO          672    .text               sys.o
    0x0800ba30   0x00000140   Code   RO          688    .text               usart.o
    0x0800bb70   0x00000040   Code   RO          724    .text               startup_stm32f10x_hd.o
    0x0800bbb0   0x000000dc   Code   RO          728    .text               misc.o
    0x0800bc8c   0x0000060c   Code   RO          740    .text               stm32f10x_fsmc.o
    0x0800c298   0x0000035c   Code   RO          752    .text               stm32f10x_gpio.o
    0x0800c5f4   0x000003a4   Code   RO          764    .text               stm32f10x_rcc.o
    0x0800c998   0x0000030c   Code   RO          778    .text               stm32f10x_spi.o
    0x0800cca4   0x00000408   Code   RO          790    .text               stm32f10x_usart.o
    0x0800d0ac   0x00000e1a   Code   RO          802    .text               stm32f10x_tim.o
    0x0800dec6   0x00000002   PAD
    0x0800dec8   0x000001d4   Code   RO          814    .text               stm32f10x_sdio.o
    0x0800e09c   0x00000254   Code   RO          826    .text               stm32f10x_dma.o
    0x0800e2f0   0x0000022c   Code   RO          838    .text               malloc.o
    0x0800e51c   0x000032e4   Code   RO          860    .text               ff.o
    0x08011800   0x000001a8   Code   RO          881    .text               exfuns.o
    0x080119a8   0x000000cc   Code   RO          921    .text               mycc936.o
    0x08011a74   0x00000200   Code   RO          934    .text               diskio.o
    0x08011c74   0x00000c38   Code   RO          949    .text               usmart.o
    0x080128ac   0x00000528   Code   RO          982    .text               usmart_str.o
    0x08012dd4   0x000005d0   Code   RO          994    .text               fontupd.o
    0x080133a4   0x000002d4   Code   RO         1018    .text               text.o
    0x08013678   0x00000002   Code   RO         1032    .text               c_w.l(use_no_semi_2.o)
    0x0801367a   0x00000048   Code   RO         1034    .text               c_w.l(llsdiv.o)
    0x080136c2   0x00000002   PAD
    0x080136c4   0x00000024   Code   RO         1036    .text               c_w.l(c89vsprintf.o)
    0x080136e8   0x00000018   Code   RO         1038    .text               c_w.l(__2printf.o)
    0x08013700   0x0000002c   Code   RO         1040    .text               c_w.l(__2sprintf.o)
    0x0801372c   0x0000004e   Code   RO         1048    .text               c_w.l(_printf_pad.o)
    0x0801377a   0x00000052   Code   RO         1050    .text               c_w.l(_printf_str.o)
    0x080137cc   0x00000078   Code   RO         1052    .text               c_w.l(_printf_dec.o)
    0x08013844   0x00000094   Code   RO         1072    .text               c_w.l(_printf_hex_int_ll_ptr.o)
    0x080138d8   0x00000188   Code   RO         1092    .text               c_w.l(__printf_flags_ss_wp.o)
    0x08013a60   0x00000024   Code   RO         1101    .text               c_w.l(strstr.o)
    0x08013a84   0x00000048   Code   RO         1103    .text               c_w.l(strcpy.o)
    0x08013acc   0x0000003e   Code   RO         1105    .text               c_w.l(strlen.o)
    0x08013b0a   0x00000018   Code   RO         1107    .text               c_w.l(strcat.o)
    0x08013b22   0x0000008a   Code   RO         1109    .text               c_w.l(rt_memcpy_v6.o)
    0x08013bac   0x00000064   Code   RO         1111    .text               c_w.l(rt_memcpy_w.o)
    0x08013c10   0x00000080   Code   RO         1113    .text               c_w.l(strcmpv7m.o)
    0x08013c90   0x00000006   Code   RO         1115    .text               c_w.l(heapauxi.o)
    0x08013c96   0x00000002   Code   RO         1179    .text               c_w.l(use_no_semi.o)
    0x08013c98   0x000000ee   Code   RO         1182    .text               c_w.l(lludivv7m.o)
    0x08013d86   0x00000016   Code   RO         1184    .text               c_w.l(_rserrno.o)
    0x08013d9c   0x00000024   Code   RO         1186    .text               c_w.l(_printf_truncate.o)
    0x08013dc0   0x000000b2   Code   RO         1188    .text               c_w.l(_printf_intcommon.o)
    0x08013e72   0x00000028   Code   RO         1190    .text               c_w.l(_printf_charcount.o)
    0x08013e9a   0x00000002   PAD
    0x08013e9c   0x00000030   Code   RO         1192    .text               c_w.l(_printf_char_common.o)
    0x08013ecc   0x0000000a   Code   RO         1194    .text               c_w.l(_sputc.o)
    0x08013ed6   0x0000002c   Code   RO         1196    .text               c_w.l(_printf_char.o)
    0x08013f02   0x00000002   PAD
    0x08013f04   0x00000024   Code   RO         1198    .text               c_w.l(_printf_char_file.o)
    0x08013f28   0x000000bc   Code   RO         1200    .text               c_w.l(_printf_wctomb.o)
    0x08013fe4   0x0000007c   Code   RO         1203    .text               c_w.l(_printf_longlong_dec.o)
    0x08014060   0x00000070   Code   RO         1209    .text               c_w.l(_printf_oct_int_ll.o)
    0x080140d0   0x00000008   Code   RO         1268    .text               c_w.l(rt_errno_addr_intlibspace.o)
    0x080140d8   0x0000008a   Code   RO         1270    .text               c_w.l(lludiv10.o)
    0x08014162   0x0000041a   Code   RO         1272    .text               c_w.l(_printf_fp_dec.o)
    0x0801457c   0x0000002c   Code   RO         1276    .text               c_w.l(_printf_wchar.o)
    0x080145a8   0x00000008   Code   RO         1278    .text               c_w.l(ferror.o)
    0x080145b0   0x00000040   Code   RO         1282    .text               c_w.l(_wcrtomb.o)
    0x080145f0   0x00000008   Code   RO         1284    .text               c_w.l(libspace.o)
    0x080145f8   0x0000004a   Code   RO         1287    .text               c_w.l(sys_stackheap_outer.o)
    0x08014642   0x00000002   PAD
    0x08014644   0x00000010   Code   RO         1289    .text               c_w.l(rt_ctype_table.o)
    0x08014654   0x00000008   Code   RO         1296    .text               c_w.l(rt_locale_intlibspace.o)
    0x0801465c   0x00000080   Code   RO         1298    .text               c_w.l(_printf_fp_infnan.o)
    0x080146dc   0x000000dc   Code   RO         1300    .text               c_w.l(bigflt0.o)
    0x080147b8   0x0000000c   Code   RO         1328    .text               c_w.l(exit.o)
    0x080147c4   0x0000003e   Code   RO         1303    CL$$btod_d2e        c_w.l(btod.o)
    0x08014802   0x00000046   Code   RO         1305    CL$$btod_d2e_denorm_low  c_w.l(btod.o)
    0x08014848   0x00000060   Code   RO         1304    CL$$btod_d2e_norm_op1  c_w.l(btod.o)
    0x080148a8   0x00000338   Code   RO         1313    CL$$btod_div_common  c_w.l(btod.o)
    0x08014be0   0x000000c6   Code   RO         1310    CL$$btod_e2e        c_w.l(btod.o)
    0x08014ca6   0x00000028   Code   RO         1307    CL$$btod_ediv       c_w.l(btod.o)
    0x08014cce   0x00000028   Code   RO         1306    CL$$btod_emul       c_w.l(btod.o)
    0x08014cf6   0x00000244   Code   RO         1312    CL$$btod_mult_common  c_w.l(btod.o)
    0x08014f3a   0x00000028   Code   RO         1338    i.__ARM_fpclassify  m_ws.l(fpclassify.o)
    0x08014f62   0x0000000e   Code   RO         1085    i._is_digit         c_w.l(__printf_wp.o)
    0x08014f70   0x0000004c   Code   RO         1172    i.sqrt              m_ws.l(sqrt.o)
    0x08014fbc   0x0000002c   Code   RO         1326    locale$$code        c_w.l(lc_numeric_c.o)
    0x08014fe8   0x0000002c   Code   RO         1343    locale$$code        c_w.l(lc_ctype_c.o)
    0x08015014   0x00000150   Code   RO         1119    x$fpl$dadd          fz_ws.l(daddsub_clz.o)
    0x08015164   0x00000018   Code   RO         1229    x$fpl$dcmpinf       fz_ws.l(dcmpi.o)
    0x0801517c   0x0000005a   Code   RO         1125    x$fpl$dfixu         fz_ws.l(dfixu.o)
    0x080151d6   0x0000002e   Code   RO         1130    x$fpl$dflt          fz_ws.l(dflt_clz.o)
    0x08015204   0x00000026   Code   RO         1129    x$fpl$dfltu         fz_ws.l(dflt_clz.o)
    0x0801522a   0x00000002   PAD
    0x0801522c   0x00000078   Code   RO         1135    x$fpl$dleqf         fz_ws.l(dleqf.o)
    0x080152a4   0x00000154   Code   RO         1137    x$fpl$dmul          fz_ws.l(dmul.o)
    0x080153f8   0x0000009c   Code   RO         1231    x$fpl$dnaninf       fz_ws.l(dnaninf.o)
    0x08015494   0x0000000c   Code   RO         1233    x$fpl$dretinf       fz_ws.l(dretinf.o)
    0x080154a0   0x0000006c   Code   RO         1139    x$fpl$drleqf        fz_ws.l(drleqf.o)
    0x0801550c   0x00000016   Code   RO         1120    x$fpl$drsb          fz_ws.l(daddsub_clz.o)
    0x08015522   0x00000002   PAD
    0x08015524   0x000001cc   Code   RO         1235    x$fpl$dsqrt         fz_ws.l(dsqrt_noumaal.o)
    0x080156f0   0x000001d4   Code   RO         1121    x$fpl$dsub          fz_ws.l(daddsub_clz.o)
    0x080158c4   0x00000056   Code   RO         1141    x$fpl$f2d           fz_ws.l(f2d.o)
    0x0801591a   0x00000002   PAD
    0x0801591c   0x000000c4   Code   RO         1143    x$fpl$fadd          fz_ws.l(faddsub_clz.o)
    0x080159e0   0x00000018   Code   RO         1237    x$fpl$fcmpinf       fz_ws.l(fcmpi.o)
    0x080159f8   0x00000184   Code   RO         1150    x$fpl$fdiv          fz_ws.l(fdiv.o)
    0x08015b7c   0x00000068   Code   RO         1153    x$fpl$feqf          fz_ws.l(feqf.o)
    0x08015be4   0x00000036   Code   RO         1155    x$fpl$ffix          fz_ws.l(ffix.o)
    0x08015c1a   0x00000002   PAD
    0x08015c1c   0x0000003e   Code   RO         1159    x$fpl$ffixu         fz_ws.l(ffixu.o)
    0x08015c5a   0x00000002   PAD
    0x08015c5c   0x00000030   Code   RO         1164    x$fpl$fflt          fz_ws.l(fflt_clz.o)
    0x08015c8c   0x00000026   Code   RO         1163    x$fpl$ffltu         fz_ws.l(fflt_clz.o)
    0x08015cb2   0x00000002   PAD
    0x08015cb4   0x00000102   Code   RO         1169    x$fpl$fmul          fz_ws.l(fmul.o)
    0x08015db6   0x0000008c   Code   RO         1239    x$fpl$fnaninf       fz_ws.l(fnaninf.o)
    0x08015e42   0x0000000a   Code   RO         1241    x$fpl$fretinf       fz_ws.l(fretinf.o)
    0x08015e4c   0x000000ea   Code   RO         1145    x$fpl$fsub          fz_ws.l(faddsub_clz.o)
    0x08015f36   0x00000004   Code   RO         1243    x$fpl$printf1       fz_ws.l(printf1.o)
    0x08015f3a   0x00000000   Code   RO         1245    x$fpl$usenofp       fz_ws.l(usenofp.o)
    0x08015f3a   0x000017c0   Data   RO          305    .constdata          lcd.o
    0x080176fa   0x0000000a   Data   RO          413    .constdata          ft5206.o
    0x08017704   0x000000c2   Data   RO          429    .constdata          gt9147.o
    0x080177c6   0x0000000a   Data   RO          445    .constdata          ott2001a.o
    0x080177d0   0x00000004   Data   RO          461    .constdata          touch.o
    0x080177d4   0x00000030   Data   RO          574    .constdata          dma.o
    0x08017804   0x00000018   Data   RO          842    .constdata          malloc.o
    0x0801781c   0x0000003a   Data   RO          861    .constdata          ff.o
    0x08017856   0x00000002   PAD
    0x08017858   0x00000138   Data   RO          883    .constdata          exfuns.o
    0x08017990   0x000003c0   Data   RO          922    .constdata          mycc936.o
    0x08017d50   0x00000010   Data   RO          996    .constdata          fontupd.o
    0x08017d60   0x00000028   Data   RO         1073    .constdata          c_w.l(_printf_hex_int_ll_ptr.o)
    0x08017d88   0x00000011   Data   RO         1093    .constdata          c_w.l(__printf_flags_ss_wp.o)
    0x08017d99   0x00000003   PAD
    0x08017d9c   0x00000008   Data   RO         1201    .constdata          c_w.l(_printf_wctomb.o)
    0x08017da4   0x00000094   Data   RO         1301    .constdata          c_w.l(bigflt0.o)
    0x08017e38   0x00000059   Data   RO            3    .conststring        main.o
    0x08017e91   0x00000003   PAD
    0x08017e94   0x00000079   Data   RO          462    .conststring        touch.o
    0x08017f0d   0x00000003   PAD
    0x08017f10   0x0000001b   Data   RO          597    .conststring        esp8266.o
    0x08017f2b   0x00000001   PAD
    0x08017f2c   0x00000060   Data   RO          884    .conststring        exfuns.o
    0x08017f8c   0x00000028   Data   RO          950    .conststring        usmart.o
    0x08017fb4   0x00000127   Data   RO          965    .conststring        usmart_config.o
    0x080180db   0x00000001   PAD
    0x080180dc   0x0000005f   Data   RO          997    .conststring        fontupd.o
    0x0801813b   0x00000001   PAD
    0x0801813c   0x00000020   Data   RO         1466    Region$$Table       anon$$obj.o
    0x0801815c   0x0000001c   Data   RO         1325    locale$$data        c_w.l(lc_numeric_c.o)
    0x08018178   0x00000110   Data   RO         1342    locale$$data        c_w.l(lc_ctype_c.o)


    Execution Region RW_IRAM1 (Base: 0x20000000, Size: 0x0000e2a8, Max: 0x00010000, ABSOLUTE, COMPRESSED[0x0000011c])

    Base Addr    Size         Type   Attr      Idx    E Section Name        Object

    0x20000000   0x00000089   Data   RW            4    .data               main.o
    0x20000089   0x00000003   PAD
    0x2000008c   0x00000014   Data   RW          273    .data               system_stm32f10x.o
    0x200000a0   0x00000001   Data   RW          291    .data               key.o
    0x200000a1   0x00000001   PAD
    0x200000a2   0x00000004   Data   RW          306    .data               lcd.o
    0x200000a6   0x00000002   Data   RW          350    .data               w25qxx.o
    0x200000a8   0x00000001   Data   RW          414    .data               ft5206.o
    0x200000a9   0x00000001   Data   RW          430    .data               gt9147.o
    0x200000aa   0x00000001   Data   RW          446    .data               ott2001a.o
    0x200000ab   0x00000001   PAD
    0x200000ac   0x00000036   Data   RW          463    .data               touch.o
    0x200000e2   0x00000002   Data   RW          511    .data               usart2.o
    0x200000e4   0x00000004   Data   RW          536    .data               as608.o
    0x200000e8   0x00000010   Data   RW          555    .data               sdio_sdcard.o
    0x200000f8   0x00000050   Data   RW          598    .data               esp8266.o
    0x20000148   0x00000020   Data   RW          616    .data               time.o
    0x20000168   0x00000004   Data   RW          658    .data               delay.o
    0x2000016c   0x00000006   Data   RW          690    .data               usart.o
    0x20000172   0x00000014   Data   RW          765    .data               stm32f10x_rcc.o
    0x20000186   0x00000002   PAD
    0x20000188   0x0000001c   Data   RW          843    .data               malloc.o
    0x200001a4   0x0000000a   Data   RW          862    .data               ff.o
    0x200001ae   0x00000002   PAD
    0x200001b0   0x0000001c   Data   RW          885    .data               exfuns.o
    0x200001cc   0x00000002   Data   RW          935    .data               diskio.o
    0x200001ce   0x00000002   PAD
    0x200001d0   0x0000001c   Data   RW          951    .data               usmart.o
    0x200001ec   0x00000124   Data   RW          966    .data               usmart_config.o
    0x20000310   0x0000000c   Zero   RW            2    .bss                main.o
    0x2000031c   0x0000000e   Zero   RW          304    .bss                lcd.o
    0x2000032a   0x00001000   Zero   RW          349    .bss                w25qxx.o
    0x2000132a   0x00000320   Zero   RW          510    .bss                usart2.o
    0x2000164a   0x00000006   PAD
    0x20001650   0x000002c0   Zero   RW          554    .bss                sdio_sdcard.o
    0x20001910   0x00001030   Zero   RW          573    .bss                dma.o
    0x20002940   0x00000802   Zero   RW          596    .bss                esp8266.o
    0x20003142   0x000000c8   Zero   RW          689    .bss                usart.o
    0x2000320a   0x00000016   PAD
    0x20003220   0x0000aa00   Zero   RW          841    .bss                malloc.o
    0x2000dc20   0x00000021   Zero   RW          995    .bss                fontupd.o
    0x2000dc41   0x00000003   PAD
    0x2000dc44   0x00000060   Zero   RW         1285    .bss                c_w.l(libspace.o)
    0x2000dca4   0x00000004   PAD
    0x2000dca8   0x00000200   Zero   RW          722    HEAP                startup_stm32f10x_hd.o
    0x2000dea8   0x00000400   Zero   RW          721    STACK               startup_stm32f10x_hd.o



  Load Region LR$$.ARM.__AT_0x68000000 (Base: 0x68000000, Size: 0x00000000, Max: 0x000f0000, ABSOLUTE)

    Execution Region ER$$.ARM.__AT_0x68000000 (Base: 0x68000000, Size: 0x000f0000, Max: 0x000f0000, ABSOLUTE, UNINIT)

    Base Addr    Size         Type   Attr      Idx    E Section Name        Object

    0x68000000   0x000f0000   Zero   RW          839    .ARM.__AT_0x68000000  malloc.o



  Load Region LR$$.ARM.__AT_0x680F0000 (Base: 0x680f0000, Size: 0x00000000, Max: 0x0000f000, ABSOLUTE)

    Execution Region ER$$.ARM.__AT_0x680F0000 (Base: 0x680f0000, Size: 0x0000f000, Max: 0x0000f000, ABSOLUTE, UNINIT)

    Base Addr    Size         Type   Attr      Idx    E Section Name        Object

    0x680f0000   0x0000f000   Zero   RW          840    .ARM.__AT_0x680F0000  malloc.o


==============================================================================

Image component sizes


      Code (inc. data)   RO Data    RW Data    ZI Data      Debug   Object Name

       378          0          0          0          0       2934   24cxx.o
      2744        682          0          4          0       8878   as608.o
        56          6          0          0          0        632   beep.o
       644         24          0          0          0       2173   ctiic.o
       212         18          0          4          0       1311   delay.o
       512          8          0          2          0       3830   diskio.o
       272         20         48          0       4144       2135   dma.o
       852        312         27         80       2050       3553   esp8266.o
       424         22        408         28          0       3124   exfuns.o
     13028        144         58         10          0      38066   ff.o
      1488        158        111          0         33       4660   fontupd.o
       824         38         10          1          0       2907   ft5206.o
      1112         74        194          1          0       3418   gt9147.o
       252         12          0          1          0        972   key.o
     19036        162       6080          4         14      22362   lcd.o
       128          8          0          0          0        872   led.o
      3988        746         89        137         12     295181   main.o
       556         18         24         28    1088000       5120   malloc.o
       220         22          0          0          0       2089   misc.o
       204         12        960          0          0       1865   mycc936.o
       620         14          0          0          0       2004   myiic.o
       876         56         10          1          0       3059   ott2001a.o
      7216        256          0         16        704      24988   sdio_sdcard.o
       264         10          0          0          0       1241   spi.o
        64         26        304          0       1536        900   startup_stm32f10x_hd.o
       596          8          0          0          0       4614   stm32f10x_dma.o
      1548         18          0          0          0       5631   stm32f10x_fsmc.o
       860         38          0          0          0       5933   stm32f10x_gpio.o
       136         20          0          0          0       1660   stm32f10x_it.o
       932         36          0         20          0       9244   stm32f10x_rcc.o
       468         22          0          0          0       7376   stm32f10x_sdio.o
       780         14          0          0          0       6814   stm32f10x_spi.o
      3610         88          0          0          0      22416   stm32f10x_tim.o
      1032         22          0          0          0       8656   stm32f10x_usart.o
        12          0          0          0          0        763   sys.o
       480         38          0         20          0       2171   system_stm32f10x.o
       724         16          0          0          0       3236   text.o
      1060         40          0         32          0       3613   time.o
       140          8          0          0          0        916   timer.o
      4020        222        125         54          0       7225   touch.o
       392         22          0          0          0       1406   uart.o
       320         16          0          6        200       3578   usart.o
       380         28          0          2        800       2982   usart2.o
      3128       1288         40         28          0       4750   usmart.o
         0          0        295        292          0       1944   usmart_config.o
      1320         12          0          0          0       5337   usmart_str.o
       872         30          0          2       4096       4757   w25qxx.o

    ----------------------------------------------------------------------
     78784       4834       8826        784    1101620     553296   Object Totals
         0          0         32          0          0          0   (incl. Generated)
         4          0         11         11         31          0   (incl. Padding)

    ----------------------------------------------------------------------

      Code (inc. data)   RO Data    RW Data    ZI Data      Debug   Library Member Name

        24          4          0          0          0         84   __2printf.o
        44          6          0          0          0         84   __2sprintf.o
        90          0          0          0          0          0   __dczerorl2.o
         8          0          0          0          0         68   __main.o
       392          4         17          0          0         92   __printf_flags_ss_wp.o
        14          0          0          0          0         68   __printf_wp.o
         0          0          0          0          0          0   __rtentry.o
        12          0          0          0          0          0   __rtentry2.o
         6          0          0          0          0          0   __rtentry4.o
        52          8          0          0          0          0   __scatter.o
        28          0          0          0          0          0   __scatter_zi.o
         6          0          0          0          0          0   _printf_a.o
         6          0          0          0          0          0   _printf_c.o
        44          0          0          0          0        108   _printf_char.o
        48          6          0          0          0         96   _printf_char_common.o
        36          4          0          0          0         80   _printf_char_file.o
        40          0          0          0          0         68   _printf_charcount.o
         6          0          0          0          0          0   _printf_d.o
       120         16          0          0          0         92   _printf_dec.o
         6          0          0          0          0          0   _printf_e.o
         6          0          0          0          0          0   _printf_f.o
      1050          0          0          0          0        216   _printf_fp_dec.o
       128         16          0          0          0         84   _printf_fp_infnan.o
         6          0          0          0          0          0   _printf_g.o
       148          4         40          0          0        160   _printf_hex_int_ll_ptr.o
         6          0          0          0          0          0   _printf_i.o
       178          0          0          0          0         88   _printf_intcommon.o
        10          0          0          0          0          0   _printf_l.o
         6          0          0          0          0          0   _printf_lc.o
        10          0          0          0          0          0   _printf_ll.o
         6          0          0          0          0          0   _printf_lld.o
         6          0          0          0          0          0   _printf_lli.o
         6          0          0          0          0          0   _printf_llo.o
         6          0          0          0          0          0   _printf_llu.o
         6          0          0          0          0          0   _printf_llx.o
       124         16          0          0          0         92   _printf_longlong_dec.o
         6          0          0          0          0          0   _printf_ls.o
         6          0          0          0          0          0   _printf_n.o
         6          0          0          0          0          0   _printf_o.o
       112          8          0          0          0        124   _printf_oct_int_ll.o
         6          0          0          0          0          0   _printf_p.o
        78          0          0          0          0        108   _printf_pad.o
         0          0          0          0          0          0   _printf_percent.o
         4          0          0          0          0          0   _printf_percent_end.o
         6          0          0          0          0          0   _printf_s.o
        82          0          0          0          0         80   _printf_str.o
        36          0          0          0          0         84   _printf_truncate.o
         6          0          0          0          0          0   _printf_u.o
        44          0          0          0          0        108   _printf_wchar.o
       188          6          8          0          0         92   _printf_wctomb.o
         6          0          0          0          0          0   _printf_x.o
        22          0          0          0          0        100   _rserrno.o
        10          0          0          0          0         68   _sputc.o
        64          0          0          0          0         92   _wcrtomb.o
       220          4        148          0          0         96   bigflt0.o
      1910        128          0          0          0        672   btod.o
        36          4          0          0          0         76   c89vsprintf.o
        12          0          0          0          0         72   exit.o
         8          0          0          0          0         68   ferror.o
         6          0          0          0          0        152   heapauxi.o
        44         10        272          0          0         76   lc_ctype_c.o
        44         10         28          0          0         76   lc_numeric_c.o
         2          0          0          0          0          0   libinit.o
        30          0          0          0          0          0   libinit2.o
         2          0          0          0          0          0   libshutdown.o
         2          0          0          0          0          0   libshutdown2.o
         8          4          0          0         96         68   libspace.o
        72          0          0          0          0         76   llsdiv.o
       138          0          0          0          0         80   lludiv10.o
       238          0          0          0          0        100   lludivv7m.o
        16          4          0          0          0         76   rt_ctype_table.o
         8          4          0          0          0         68   rt_errno_addr_intlibspace.o
         8          4          0          0          0         68   rt_locale_intlibspace.o
       138          0          0          0          0         68   rt_memcpy_v6.o
       100          0          0          0          0         80   rt_memcpy_w.o
         2          0          0          0          0          0   rtexit.o
        10          0          0          0          0          0   rtexit2.o
        24          0          0          0          0         68   strcat.o
       128          0          0          0          0         68   strcmpv7m.o
        72          0          0          0          0         80   strcpy.o
        62          0          0          0          0         76   strlen.o
        36          0          0          0          0         80   strstr.o
        74          0          0          0          0         80   sys_stackheap_outer.o
         2          0          0          0          0         68   use_no_semi.o
         2          0          0          0          0         68   use_no_semi_2.o
       826         16          0          0          0        348   daddsub_clz.o
        24          0          0          0          0         68   dcmpi.o
        90          4          0          0          0         92   dfixu.o
        84          0          0          0          0        136   dflt_clz.o
       120          4          0          0          0         92   dleqf.o
       340         12          0          0          0        104   dmul.o
       156          4          0          0          0         92   dnaninf.o
        12          0          0          0          0         68   dretinf.o
       108          0          0          0          0         80   drleqf.o
       460         56          0          0          0        120   dsqrt_noumaal.o
        86          4          0          0          0         84   f2d.o
       430          8          0          0          0        168   faddsub_clz.o
        24          0          0          0          0         68   fcmpi.o
       388         76          0          0          0         96   fdiv.o
       104          4          0          0          0         84   feqf.o
        54          4          0          0          0         84   ffix.o
        62          4          0          0          0         84   ffixu.o
        86          0          0          0          0        136   fflt_clz.o
       258          4          0          0          0         84   fmul.o
       140          4          0          0          0         84   fnaninf.o
        10          0          0          0          0         68   fretinf.o
         4          0          0          0          0         68   printf1.o
         0          0          0          0          0          0   usenofp.o
        40          0          0          0          0         68   fpclassify.o
        76          0          0          0          0         84   sqrt.o

    ----------------------------------------------------------------------
     10826        474        516          0        100       7356   Library Totals
        24          0          3          0          4          0   (incl. Padding)

    ----------------------------------------------------------------------

      Code (inc. data)   RO Data    RW Data    ZI Data      Debug   Library Name

      6820        270        513          0         96       4896   c_w.l
      3866        204          0          0          0       2308   fz_ws.l
       116          0          0          0          0        152   m_ws.l

    ----------------------------------------------------------------------
     10826        474        516          0        100       7356   Library Totals

    ----------------------------------------------------------------------

==============================================================================


      Code (inc. data)   RO Data    RW Data    ZI Data      Debug   

     89610       5308       9342        784    1101720     552640   Grand Totals
     89610       5308       9342        284    1101720     552640   ELF Image Totals (compressed)
     89610       5308       9342        284          0          0   ROM Totals

==============================================================================

    Total RO  Size (Code + RO Data)                98952 (  96.63kB)
    Total RW  Size (RW Data + ZI Data)           1102504 (1076.66kB)
    Total ROM Size (Code + RO Data + RW Data)      99236 (  96.91kB)

==============================================================================

